Archive member included to satisfy reference by file (symbol)

C:/Users/Nicholas/.pico-sdk/toolchain/14_2_Rel1/bin/../lib/gcc/arm-none-eabi/14.2.1/thumb/v8-m.main+fp/softfp\libm.a(libm_a-wf_sqrt.o)
                              CMakeFiles/Teste.dir/C_/Users/Nicholas/.pico-sdk/sdk/2.1.1/src/rp2_common/pico_float/float_math.c.obj (sqrtf)
C:/Users/Nicholas/.pico-sdk/toolchain/14_2_Rel1/bin/../lib/gcc/arm-none-eabi/14.2.1/thumb/v8-m.main+fp/softfp\libm.a(libm_a-ef_sqrt.o)
                              C:/Users/Nicholas/.pico-sdk/toolchain/14_2_Rel1/bin/../lib/gcc/arm-none-eabi/14.2.1/thumb/v8-m.main+fp/softfp\libm.a(libm_a-wf_sqrt.o) (__ieee754_sqrtf)
C:/Users/Nicholas/.pico-sdk/toolchain/14_2_Rel1/bin/../lib/gcc/arm-none-eabi/14.2.1/thumb/v8-m.main+fp/softfp\libgcc.a(_arm_addsubdf3.o)
                              CMakeFiles/Teste.dir/microphone_dma.c.obj (__aeabi_f2d)
C:/Users/Nicholas/.pico-sdk/toolchain/14_2_Rel1/bin/../lib/gcc/arm-none-eabi/14.2.1/thumb/v8-m.main+fp/softfp\libgcc.a(_aeabi_ldivmod.o)
                              CMakeFiles/Teste.dir/C_/Users/Nicholas/.pico-sdk/sdk/2.1.1/src/common/pico_time/time.c.obj (__aeabi_ldivmod)
C:/Users/Nicholas/.pico-sdk/toolchain/14_2_Rel1/bin/../lib/gcc/arm-none-eabi/14.2.1/thumb/v8-m.main+fp/softfp\libgcc.a(_aeabi_uldivmod.o)
                              CMakeFiles/Teste.dir/C_/Users/Nicholas/.pico-sdk/sdk/2.1.1/src/rp2_common/hardware_clocks/clocks.c.obj (__aeabi_uldivmod)
C:/Users/Nicholas/.pico-sdk/toolchain/14_2_Rel1/bin/../lib/gcc/arm-none-eabi/14.2.1/thumb/v8-m.main+fp/softfp\libgcc.a(_udivmoddi4.o)
                              C:/Users/Nicholas/.pico-sdk/toolchain/14_2_Rel1/bin/../lib/gcc/arm-none-eabi/14.2.1/thumb/v8-m.main+fp/softfp\libgcc.a(_aeabi_ldivmod.o) (__udivmoddi4)
C:/Users/Nicholas/.pico-sdk/toolchain/14_2_Rel1/bin/../lib/gcc/arm-none-eabi/14.2.1/thumb/v8-m.main+fp/softfp\libgcc.a(_dvmd_tls.o)
                              C:/Users/Nicholas/.pico-sdk/toolchain/14_2_Rel1/bin/../lib/gcc/arm-none-eabi/14.2.1/thumb/v8-m.main+fp/softfp\libgcc.a(_aeabi_ldivmod.o) (__aeabi_ldiv0)
C:/Users/Nicholas/.pico-sdk/toolchain/14_2_Rel1/bin/../lib/gcc/arm-none-eabi/14.2.1/thumb/v8-m.main+fp/softfp\libg.a(libc_a-calloc.o)
                              CMakeFiles/Teste.dir/C_/Users/Nicholas/.pico-sdk/sdk/2.1.1/src/rp2_common/pico_malloc/malloc.c.obj (calloc)
C:/Users/Nicholas/.pico-sdk/toolchain/14_2_Rel1/bin/../lib/gcc/arm-none-eabi/14.2.1/thumb/v8-m.main+fp/softfp\libg.a(libc_a-callocr.o)
                              C:/Users/Nicholas/.pico-sdk/toolchain/14_2_Rel1/bin/../lib/gcc/arm-none-eabi/14.2.1/thumb/v8-m.main+fp/softfp\libg.a(libc_a-calloc.o) (_calloc_r)
C:/Users/Nicholas/.pico-sdk/toolchain/14_2_Rel1/bin/../lib/gcc/arm-none-eabi/14.2.1/thumb/v8-m.main+fp/softfp\libg.a(libc_a-malloc.o)
                              CMakeFiles/Teste.dir/C_/Users/Nicholas/.pico-sdk/sdk/2.1.1/src/rp2_common/pico_malloc/malloc.c.obj (malloc)
C:/Users/Nicholas/.pico-sdk/toolchain/14_2_Rel1/bin/../lib/gcc/arm-none-eabi/14.2.1/thumb/v8-m.main+fp/softfp\libg.a(libc_a-mallocr.o)
                              C:/Users/Nicholas/.pico-sdk/toolchain/14_2_Rel1/bin/../lib/gcc/arm-none-eabi/14.2.1/thumb/v8-m.main+fp/softfp\libg.a(libc_a-callocr.o) (_malloc_r)
C:/Users/Nicholas/.pico-sdk/toolchain/14_2_Rel1/bin/../lib/gcc/arm-none-eabi/14.2.1/thumb/v8-m.main+fp/softfp\libg.a(libc_a-mlock.o)
                              C:/Users/Nicholas/.pico-sdk/toolchain/14_2_Rel1/bin/../lib/gcc/arm-none-eabi/14.2.1/thumb/v8-m.main+fp/softfp\libg.a(libc_a-mallocr.o) (__malloc_lock)
C:/Users/Nicholas/.pico-sdk/toolchain/14_2_Rel1/bin/../lib/gcc/arm-none-eabi/14.2.1/thumb/v8-m.main+fp/softfp\libg.a(libc_a-realloc.o)
                              CMakeFiles/Teste.dir/C_/Users/Nicholas/.pico-sdk/sdk/2.1.1/src/rp2_common/pico_malloc/malloc.c.obj (realloc)
C:/Users/Nicholas/.pico-sdk/toolchain/14_2_Rel1/bin/../lib/gcc/arm-none-eabi/14.2.1/thumb/v8-m.main+fp/softfp\libg.a(libc_a-reallocr.o)
                              C:/Users/Nicholas/.pico-sdk/toolchain/14_2_Rel1/bin/../lib/gcc/arm-none-eabi/14.2.1/thumb/v8-m.main+fp/softfp\libg.a(libc_a-realloc.o) (_realloc_r)
C:/Users/Nicholas/.pico-sdk/toolchain/14_2_Rel1/bin/../lib/gcc/arm-none-eabi/14.2.1/thumb/v8-m.main+fp/softfp\libg.a(libc_a-memcmp.o)
                              CMakeFiles/Teste.dir/C_/Users/Nicholas/.pico-sdk/sdk/2.1.1/src/rp2_common/pico_atomic/atomic.c.obj (memcmp)
C:/Users/Nicholas/.pico-sdk/toolchain/14_2_Rel1/bin/../lib/gcc/arm-none-eabi/14.2.1/thumb/v8-m.main+fp/softfp\libg.a(libc_a-memmove.o)
                              C:/Users/Nicholas/.pico-sdk/toolchain/14_2_Rel1/bin/../lib/gcc/arm-none-eabi/14.2.1/thumb/v8-m.main+fp/softfp\libg.a(libc_a-reallocr.o) (memmove)
C:/Users/Nicholas/.pico-sdk/toolchain/14_2_Rel1/bin/../lib/gcc/arm-none-eabi/14.2.1/thumb/v8-m.main+fp/softfp\libg.a(libc_a-memset.o)
[...]
Memory Configuration

Name             Origin             Length             Attributes
FLASH            0x10000000         0x00400000         xr
RAM              0x20000000         0x00080000         xrw
SCRATCH_X        0x20080000         0x00001000         xrw
SCRATCH_Y        0x20081000         0x00001000         xrw
*default*        0x00000000         0xffffffff

Linker script and memory map

LOAD C:/Users/Nicholas/.pico-sdk/toolchain/14_2_Rel1/bin/../lib/gcc/arm-none-eabi/14.2.1/thumb/v8-m.main+fp/softfp/crti.o
LOAD C:/Users/Nicholas/.pico-sdk/toolchain/14_2_Rel1/bin/../lib/gcc/arm-none-eabi/14.2.1/thumb/v8-m.main+fp/softfp/crtbegin.o
LOAD C:/Users/Nicholas/.pico-sdk/toolchain/14_2_Rel1/bin/../lib/gcc/arm-none-eabi/14.2.1/thumb/v8-m.main+fp/softfp/crt0.o

.flash_begin    0x10000000        0x0
                0x10000000                        __flash_binary_start = .

.text           0x10000000     0x6c28
                0x10000000                        __logical_binary_start = .
 *(.vectors)
 .vectors       0x10000000      0x124 CMakeFiles/Teste.dir/C_/Users/Nicholas/.pico-sdk/sdk/2.1.1/src/rp2_common/pico_crt0/crt0.S.obj
                0x10000000                __VECTOR_TABLE
                0x10000000                __vectors
                0x10000110                __default_isrs_start
                0x10000110                isr_invalid
                0x10000112                isr_nmi
                0x10000114                isr_hardfault
                0x10000116                isr_svcall
                0x10000118                isr_pendsv
                0x1000011a                isr_systick
                0x1000011c                isr_irq31
                0x1000011c                isr_irq5
                0x1000011c                isr_irq11
                0x1000011c                isr_irq32
                0x1000011c                isr_irq23
                0x1000011c                isr_irq48
                0x1000011c                isr_irq35
                0x1000011c                isr_irq18
                0x1000011c                isr_irq50
                0x1000011c                isr_irq27
                0x1000011c                isr_irq40
                0x1000011c                isr_irq28
                0x1000011c                isr_irq19
                0x1000011c                isr_irq36
                0x1000011c                isr_irq41
                0x1000011c                isr_irq0
                0x1000011c                isr_irq6
                0x1000011c                isr_irq45
                0x1000011c                isr_irq12
                0x1000011c                isr_irq37
                0x1000011c                isr_irq42
                0x1000011c                isr_irq22
                0x1000011c                isr_irq43
                0x1000011c                isr_irq17
                0x1000011c                isr_irq38
                0x1000011c                isr_irq14
                0x1000011c                isr_irq13
                0x1000011c                isr_irq2
                0x1000011c                isr_irq10
                0x1000011c                isr_irq8
                0x1000011c                isr_irq24
                0x1000011c                isr_irq46
                0x1000011c                isr_irq1
                0x1000011c                isr_irq47
                0x1000011c                isr_irq51
                0x1000011c                isr_irq7
                0x1000011c                isr_irq21
                0x1000011c                isr_irq39
                0x1000011c                isr_irq20
                0x1000011c                isr_irq15
                0x1000011c                isr_irq25
                0x1000011c                isr_irq34
                0x1000011c                isr_irq49
                0x1000011c                __unhandled_user_irq
                0x1000011c                isr_irq4
                0x1000011c                isr_irq16
                0x1000011c                isr_irq44
                0x1000011c                isr_irq29
                0x1000011c                isr_irq26
                0x1000011c                __default_isrs_end
                0x1000011c                isr_irq33
                0x1000011c                isr_irq3
                0x1000011c                isr_irq30
                0x1000011c                isr_irq9
                0x10000122                unhandled_user_irq_num_in_r0
 *(.binary_info_header)
 .binary_info_header
                0x10000124       0x14 CMakeFiles/Teste.dir/C_/Users/Nicholas/.pico-sdk/sdk/2.1.1/src/rp2_common/pico_crt0/crt0.S.obj
                0x10000138                        __binary_info_header_end = .
 *(.embedded_block)
 .embedded_block
                0x10000138       0x14 CMakeFiles/Teste.dir/C_/Users/Nicholas/.pico-sdk/sdk/2.1.1/src/rp2_common/pico_crt0/crt0.S.obj
                0x1000014c                        __embedded_block_end = .
 *(.reset)
 .reset         0x1000014c       0xa0 CMakeFiles/Teste.dir/C_/Users/Nicholas/.pico-sdk/sdk/2.1.1/src/rp2_common/pico_crt0/crt0.S.obj
                0x1000014c                _entry_point
 *(.init)
 .init          0x100001ec        0x4 C:/Users/Nicholas/.pico-sdk/toolchain/14_2_Rel1/bin/../lib/gcc/arm-none-eabi/14.2.1/thumb/v8-m.main+fp/softfp/crti.o
                0x100001ec                _init
 SORT_BY_NAME(REVERSE(*libgcc.a:cmse_nonsecure_call.o))()
 *(EXCLUDE_FILE(*libm.a: *libc.a:*lib_a-mem*.o *libgcc.a:) .text*)
 .text.register_tm_clones
                0x100001f0       0x28 C:/Users/Nicholas/.pico-sdk/toolchain/14_2_Rel1/bin/../lib/gcc/arm-none-eabi/14.2.1/thumb/v8-m.main+fp/softfp/crtbegin.o
 .text.frame_dummy
                0x10000218       0x24 C:/Users/Nicholas/.pico-sdk/toolchain/14_2_Rel1/bin/../lib/gcc/arm-none-eabi/14.2.1/thumb/v8-m.main+fp/softfp/crtbegin.o
 .text.button_a_callback
                0x1000023c       0x38 CMakeFiles/Teste.dir/Teste.c.obj
                0x1000023c                button_a_callback
 .text.button_b_callback
                0x10000274       0x10 CMakeFiles/Teste.dir/Teste.c.obj
                0x10000274                button_b_callback
 .text.startup.main
                0x10000284       0x3c CMakeFiles/Teste.dir/Teste.c.obj
                0x10000284                main
 .text.handle_button_alarm
                0x100002c0       0x30 CMakeFiles/Teste.dir/button.c.obj
                0x100002c0                handle_button_alarm
 .text.handle_interrupt
                0x100002f0       0x14 CMakeFiles/Teste.dir/button.c.obj
                0x100002f0                handle_interrupt
 .text.handle_button_interrupt
                0x10000304       0x68 CMakeFiles/Teste.dir/button.c.obj
                0x10000304                handle_button_interrupt
 .text.create_button
                0x1000036c       0x68 CMakeFiles/Teste.dir/button.c.obj
                0x1000036c                create_button
 .text.microphone_init
                0x100003d4       0x7c CMakeFiles/Teste.dir/microphone_dma.c.obj
                0x100003d4                microphone_init
 .text.gpio_default_irq_handler
                0x10000450      0x1d4 CMakeFiles/Teste.dir/C_/Users/Nicholas/.pico-sdk/sdk/2.1.1/src/rp2_common/hardware_gpio/gpio.c.obj
 .text.gpio_set_function
                0x10000624       0x3c CMakeFiles/Teste.dir/C_/Users/Nicholas/.pico-sdk/sdk/2.1.1/src/rp2_common/hardware_gpio/gpio.c.obj
                0x10000624                gpio_set_function
 .text.gpio_set_pulls
                0x10000660       0x28 CMakeFiles/Teste.dir/C_/Users/Nicholas/.pico-sdk/sdk/2.1.1/src/rp2_common/hardware_gpio/gpio.c.obj
                0x10000660                gpio_set_pulls
 .text.gpio_set_irq_enabled_with_callback
                0x10000688       0xa8 CMakeFiles/Teste.dir/C_/Users/Nicholas/.pico-sdk/sdk/2.1.1/src/rp2_common/hardware_gpio/gpio.c.obj
                0x10000688                gpio_set_irq_enabled_with_callback
 .text.gpio_set_input_enabled
                0x10000730       0x20 CMakeFiles/Teste.dir/C_/Users/Nicholas/.pico-sdk/sdk/2.1.1/src/rp2_common/hardware_gpio/gpio.c.obj
                0x10000730                gpio_set_input_enabled
 .text.gpio_init
                0x10000750       0x48 CMakeFiles/Teste.dir/C_/Users/Nicholas/.pico-sdk/sdk/2.1.1/src/rp2_common/hardware_gpio/gpio.c.obj
                0x10000750                gpio_init
 .text.panic    0x10000798       0x30 CMakeFiles/Teste.dir/C_/Users/Nicholas/.pico-sdk/sdk/2.1.1/src/rp2_common/pico_platform_panic/panic.c.obj
                0x10000798                panic
 .text.hw_claim_or_assert
                0x100007c8       0x58 CMakeFiles/Teste.dir/C_/Users/Nicholas/.pico-sdk/sdk/2.1.1/src/common/hardware_claim/claim.c.obj
                0x100007c8                hw_claim_or_assert
 .text.hw_claim_unused_from_range
                0x10000820       0x80 CMakeFiles/Teste.dir/C_/Users/Nicholas/.pico-sdk/sdk/2.1.1/src/common/hardware_claim/claim.c.obj
                0x10000820                hw_claim_unused_from_range
 .text.next_striped_spin_lock_num
                0x100008a0       0x18 CMakeFiles/Teste.dir/C_/Users/Nicholas/.pico-sdk/sdk/2.1.1/src/rp2_common/hardware_sync/sync.c.obj
                0x100008a0                next_striped_spin_lock_num
 .text.spin_lock_claim_unused
                0x100008b8       0x20 CMakeFiles/Teste.dir/C_/Users/Nicholas/.pico-sdk/sdk/2.1.1/src/rp2_common/hardware_sync/sync.c.obj
                0x100008b8                spin_lock_claim_unused
 .text.spinlock_set_extexclall
                0x100008d8       0x10 CMakeFiles/Teste.dir/C_/Users/Nicholas/.pico-sdk/sdk/2.1.1/src/rp2_common/hardware_sync_spin_lock/sync_spin_lock.c.obj
 .text.spin_locks_reset
                0x100008e8       0x18 CMakeFiles/Teste.dir/C_/Users/Nicholas/.pico-sdk/sdk/2.1.1/src/rp2_common/hardware_sync_spin_lock/sync_spin_lock.c.obj
                0x100008e8                spin_locks_reset
 .text.runtime_init_per_core_irq_priorities
                0x10000900       0x40 CMakeFiles/Teste.dir/C_/Users/Nicholas/.pico-sdk/sdk/2.1.1/src/rp2_common/hardware_irq/irq.c.obj
                0x10000900                runtime_init_per_core_irq_priorities
 .text.irq_set_enabled
                0x10000940       0x2c CMakeFiles/Teste.dir/C_/Users/Nicholas/.pico-sdk/sdk/2.1.1/src/rp2_common/hardware_irq/irq.c.obj
                0x10000940                irq_set_enabled
 .text.irq_is_enabled
                0x1000096c       0x20 CMakeFiles/Teste.dir/C_/Users/Nicholas/.pico-sdk/sdk/2.1.1/src/rp2_common/hardware_irq/irq.c.obj
                0x1000096c                irq_is_enabled
 .text.irq_set_pending
                0x1000098c       0x18 CMakeFiles/Teste.dir/C_/Users/Nicholas/.pico-sdk/sdk/2.1.1/src/rp2_common/hardware_irq/irq.c.obj
                0x1000098c                irq_set_pending
 .text.irq_has_shared_handler
                0x100009a4       0x20 CMakeFiles/Teste.dir/C_/Users/Nicholas/.pico-sdk/sdk/2.1.1/src/rp2_common/hardware_irq/irq.c.obj
                0x100009a4                irq_has_shared_handler
 .text.irq_set_exclusive_handler
                0x100009c4       0x60 CMakeFiles/Teste.dir/C_/Users/Nicholas/.pico-sdk/sdk/2.1.1/src/rp2_common/hardware_irq/irq.c.obj
                0x100009c4                irq_set_exclusive_handler
 .text.irq_add_shared_handler
                0x10000a24      0x1e8 CMakeFiles/Teste.dir/C_/Users/Nicholas/.pico-sdk/sdk/2.1.1/src/rp2_common/hardware_irq/irq.c.obj
                0x10000a24                irq_add_shared_handler
 .text.irq_remove_handler
                0x10000c0c      0x1f4 CMakeFiles/Teste.dir/C_/Users/Nicholas/.pico-sdk/sdk/2.1.1/src/rp2_common/hardware_irq/irq.c.obj
                0x10000c0c                irq_remove_handler
 .text.irq_add_tail_to_free_list
                0x10000e00       0xbc CMakeFiles/Teste.dir/C_/Users/Nicholas/.pico-sdk/sdk/2.1.1/src/rp2_common/hardware_irq/irq.c.obj
                0x10000e00                irq_add_tail_to_free_list
 .text.user_irq_claim_unused
                0x10000ebc       0x28 CMakeFiles/Teste.dir/C_/Users/Nicholas/.pico-sdk/sdk/2.1.1/src/rp2_common/hardware_irq/irq.c.obj
                0x10000ebc                user_irq_claim_unused
 .text.lock_init
                0x10000ee4        0xc CMakeFiles/Teste.dir/C_/Users/Nicholas/.pico-sdk/sdk/2.1.1/src/common/pico_sync/lock_core.c.obj
                0x10000ee4                lock_init
 .text.runtime_init_mutex
                0x10000ef0       0x4c CMakeFiles/Teste.dir/C_/Users/Nicholas/.pico-sdk/sdk/2.1.1/src/common/pico_sync/mutex.c.obj
                0x10000ef0                runtime_init_mutex
 .text.mutex_init
                0x10000f3c       0x1c CMakeFiles/Teste.dir/C_/Users/Nicholas/.pico-sdk/sdk/2.1.1/src/common/pico_sync/mutex.c.obj
                0x10000f3c                mutex_init
 .text.critical_section_init
                0x10000f58       0x1c CMakeFiles/Teste.dir/C_/Users/Nicholas/.pico-sdk/sdk/2.1.1/src/common/pico_sync/critical_section.c.obj
                0x10000f58                critical_section_init
 .text.critical_section_init_with_lock_num
                0x10000f74       0x10 CMakeFiles/Teste.dir/C_/Users/Nicholas/.pico-sdk/sdk/2.1.1/src/common/pico_sync/critical_section.c.obj
                0x10000f74                critical_section_init_with_lock_num
 .text.sleep_until_callback
                0x10000f84       0x3c CMakeFiles/Teste.dir/C_/Users/Nicholas/.pico-sdk/sdk/2.1.1/src/common/pico_time/time.c.obj
 .text.alarm_pool_irq_handler
                0x10000fc0      0x2f0 CMakeFiles/Teste.dir/C_/Users/Nicholas/.pico-sdk/sdk/2.1.1/src/common/pico_time/time.c.obj
 .text.runtime_init_default_alarm_pool
                0x100012b0      0x100 CMakeFiles/Teste.dir/C_/Users/Nicholas/.pico-sdk/sdk/2.1.1/src/common/pico_time/time.c.obj
                0x100012b0                runtime_init_default_alarm_pool
 .text.alarm_pool_get_default
                0x100013b0        0x8 CMakeFiles/Teste.dir/C_/Users/Nicholas/.pico-sdk/sdk/2.1.1/src/common/pico_time/time.c.obj
                0x100013b0                alarm_pool_get_default
 .text.alarm_pool_add_alarm_at
                0x100013b8       0xdc CMakeFiles/Teste.dir/C_/Users/Nicholas/.pico-sdk/sdk/2.1.1/src/common/pico_time/time.c.obj
                0x100013b8                alarm_pool_add_alarm_at
 .text.alarm_pool_add_alarm_at_force_in_context
                0x10001494       0xc8 CMakeFiles/Teste.dir/C_/Users/Nicholas/.pico-sdk/sdk/2.1.1/src/common/pico_time/time.c.obj
                0x10001494                alarm_pool_add_alarm_at_force_in_context
 .text.alarm_pool_cancel_alarm
                0x1000155c       0x80 CMakeFiles/Teste.dir/C_/Users/Nicholas/.pico-sdk/sdk/2.1.1/src/common/pico_time/time.c.obj
                0x1000155c                alarm_pool_cancel_alarm
 .text.alarm_pool_core_num
                0x100015dc        0x4 CMakeFiles/Teste.dir/C_/Users/Nicholas/.pico-sdk/sdk/2.1.1/src/common/pico_time/time.c.obj
                0x100015dc                alarm_pool_core_num
 .text.best_effort_wfe_or_timeout
                0x100015e0       0xd4 CMakeFiles/Teste.dir/C_/Users/Nicholas/.pico-sdk/sdk/2.1.1/src/common/pico_time/time.c.obj
                0x100015e0                best_effort_wfe_or_timeout
 .text.timer_hardware_alarm_claim
                0x100016b4       0x24 CMakeFiles/Teste.dir/C_/Users/Nicholas/.pico-sdk/sdk/2.1.1/src/rp2_common/hardware_timer/timer.c.obj
                0x100016b4                timer_hardware_alarm_claim
 .text.timer_time_us_64
                0x100016d8       0x10 CMakeFiles/Teste.dir/C_/Users/Nicholas/.pico-sdk/sdk/2.1.1/src/rp2_common/hardware_timer/timer.c.obj
                0x100016d8                timer_time_us_64
 .text.time_us_64
                0x100016e8       0x14 CMakeFiles/Teste.dir/C_/Users/Nicholas/.pico-sdk/sdk/2.1.1/src/rp2_common/hardware_timer/timer.c.obj
                0x100016e8                time_us_64
 .text.clock_configure_undivided
                0x100016fc       0xd0 CMakeFiles/Teste.dir/C_/Users/Nicholas/.pico-sdk/sdk/2.1.1/src/rp2_common/hardware_clocks/clocks.c.obj
                0x100016fc                clock_configure_undivided
 .text.clock_get_hz
                0x100017cc        0xc CMakeFiles/Teste.dir/C_/Users/Nicholas/.pico-sdk/sdk/2.1.1/src/rp2_common/hardware_clocks/clocks.c.obj
                0x100017cc                clock_get_hz
 .text.pll_init
                0x100017d8       0x8c CMakeFiles/Teste.dir/C_/Users/Nicholas/.pico-sdk/sdk/2.1.1/src/rp2_common/hardware_pll/pll.c.obj
                0x100017d8                pll_init
 .text.watchdog_reboot
                0x10001864       0x98 CMakeFiles/Teste.dir/C_/Users/Nicholas/.pico-sdk/sdk/2.1.1/src/rp2_common/hardware_watchdog/watchdog.c.obj
                0x10001864                watchdog_reboot
 .text.tick_start
                0x100018fc       0x18 CMakeFiles/Teste.dir/C_/Users/Nicholas/.pico-sdk/sdk/2.1.1/src/rp2_common/hardware_ticks/ticks.c.obj
                0x100018fc                tick_start
 .text.rom_reboot.constprop.0.isra.0
                0x10001914       0x34 CMakeFiles/Teste.dir/C_/Users/Nicholas/.pico-sdk/sdk/2.1.1/src/rp2_common/pico_bootrom/bootrom.c.obj
 .text.rom_func_lookup
                0x10001948       0x18 CMakeFiles/Teste.dir/C_/Users/Nicholas/.pico-sdk/sdk/2.1.1/src/rp2_common/pico_bootrom/bootrom.c.obj
                0x10001948                rom_func_lookup
 .text.rom_reset_usb_boot_extra
                0x10001960       0x1c CMakeFiles/Teste.dir/C_/Users/Nicholas/.pico-sdk/sdk/2.1.1/src/rp2_common/pico_bootrom/bootrom.c.obj
                0x10001960                rom_reset_usb_boot_extra
 .text.runtime_init_bootrom_locking_enable
                0x1000197c       0x14 CMakeFiles/Teste.dir/C_/Users/Nicholas/.pico-sdk/sdk/2.1.1/src/rp2_common/pico_bootrom/bootrom_lock.c.obj
                0x1000197c                runtime_init_bootrom_locking_enable
 .text.runtime_init_boot_locks_reset
                0x10001990       0x1c CMakeFiles/Teste.dir/C_/Users/Nicholas/.pico-sdk/sdk/2.1.1/src/rp2_common/hardware_boot_lock/boot_lock.c.obj
                0x10001990                runtime_init_boot_locks_reset
 .text.xosc_init
                0x100019ac       0x30 CMakeFiles/Teste.dir/C_/Users/Nicholas/.pico-sdk/sdk/2.1.1/src/rp2_common/hardware_xosc/xosc.c.obj
                0x100019ac                xosc_init
 .text.first_per_core_initializer
                0x100019dc        0x4 CMakeFiles/Teste.dir/C_/Users/Nicholas/.pico-sdk/sdk/2.1.1/src/rp2_common/pico_runtime/runtime.c.obj
 .text.hard_assertion_failure
                0x100019e0        0xc CMakeFiles/Teste.dir/C_/Users/Nicholas/.pico-sdk/sdk/2.1.1/src/rp2_common/pico_runtime/runtime.c.obj
                0x100019e0                hard_assertion_failure
 .text.runtime_run_initializers
                0x100019ec       0x20 CMakeFiles/Teste.dir/C_/Users/Nicholas/.pico-sdk/sdk/2.1.1/src/rp2_common/pico_runtime/runtime.c.obj
                0x100019ec                runtime_run_initializers
 .text.runtime_init_early_resets
                0x10001a0c       0x34 CMakeFiles/Teste.dir/C_/Users/Nicholas/.pico-sdk/sdk/2.1.1/src/rp2_common/pico_runtime_init/runtime_init.c.obj
                0x10001a0c                runtime_init_early_resets
 .text.runtime_init_usb_power_down
                0x10001a40       0x1c CMakeFiles/Teste.dir/C_/Users/Nicholas/.pico-sdk/sdk/2.1.1/src/rp2_common/pico_runtime_init/runtime_init.c.obj
                0x10001a40                runtime_init_usb_power_down
 .text.runtime_init_per_core_enable_coprocessors
                0x10001a5c       0x1c CMakeFiles/Teste.dir/C_/Users/Nicholas/.pico-sdk/sdk/2.1.1/src/rp2_common/pico_runtime_init/runtime_init.c.obj
                0x10001a5c                runtime_init_per_core_enable_coprocessors
 .text.runtime_init_post_clock_resets
                0x10001a78       0x20 CMakeFiles/Teste.dir/C_/Users/Nicholas/.pico-sdk/sdk/2.1.1/src/rp2_common/pico_runtime_init/runtime_init.c.obj
                0x10001a78                runtime_init_post_clock_resets
 .text.runtime_init_bootrom_reset
                0x10001a98       0x14 CMakeFiles/Teste.dir/C_/Users/Nicholas/.pico-sdk/sdk/2.1.1/src/rp2_common/pico_runtime_init/runtime_init.c.obj
                0x10001a98                runtime_init_bootrom_reset
 .text.runtime_init_per_core_bootrom_reset
                0x10001aac       0x14 CMakeFiles/Teste.dir/C_/Users/Nicholas/.pico-sdk/sdk/2.1.1/src/rp2_common/pico_runtime_init/runtime_init.c.obj
                0x10001aac                runtime_init_per_core_bootrom_reset
 .text.runtime_init_spin_locks_reset
                0x10001ac0        0x4 CMakeFiles/Teste.dir/C_/Users/Nicholas/.pico-sdk/sdk/2.1.1/src/rp2_common/pico_runtime_init/runtime_init.c.obj
                0x10001ac0                runtime_init_spin_locks_reset
 .text.runtime_init_install_ram_vector_table
                0x10001ac4       0x20 CMakeFiles/Teste.dir/C_/Users/Nicholas/.pico-sdk/sdk/2.1.1/src/rp2_common/pico_runtime_init/runtime_init.c.obj
                0x10001ac4                runtime_init_install_ram_vector_table
 .text.runtime_init_clocks
                0x10001ae4       0xdc CMakeFiles/Teste.dir/C_/Users/Nicholas/.pico-sdk/sdk/2.1.1/src/rp2_common/pico_runtime_init/runtime_init_clocks.c.obj
                0x10001ae4                runtime_init_clocks
 .text.__rp2350_dcp_engaged_state_save_restore
                0x10001bc0       0x3a CMakeFiles/Teste.dir/C_/Users/Nicholas/.pico-sdk/sdk/2.1.1/src/rp2_common/pico_double/double_aeabi_dcp.S.obj
 *fill*         0x10001bfa        0x2 
 .text.__wrap___aeabi_dadd
                0x10001bfc       0x28 CMakeFiles/Teste.dir/C_/Users/Nicholas/.pico-sdk/sdk/2.1.1/src/rp2_common/pico_double/double_aeabi_dcp.S.obj
                0x10001c04                __wrap___aeabi_dadd
 .text.__wrap___aeabi_dsub
                0x10001c24       0x28 CMakeFiles/Teste.dir/C_/Users/Nicholas/.pico-sdk/sdk/2.1.1/src/rp2_common/pico_double/double_aeabi_dcp.S.obj
                0x10001c2c                __wrap___aeabi_dsub
 .text.__wrap___aeabi_dmul
                0x10001c4c       0x4c CMakeFiles/Teste.dir/C_/Users/Nicholas/.pico-sdk/sdk/2.1.1/src/rp2_common/pico_double/double_aeabi_dcp.S.obj
                0x10001c54                __wrap___aeabi_dmul
 .text.__wrap___aeabi_ddiv
                0x10001c98       0x9c CMakeFiles/Teste.dir/C_/Users/Nicholas/.pico-sdk/sdk/2.1.1/src/rp2_common/pico_double/double_aeabi_dcp.S.obj
                0x10001ca0                __wrap___aeabi_ddiv
 .text.__wrap___aeabi_i2d
                0x10001d34       0x24 CMakeFiles/Teste.dir/C_/Users/Nicholas/.pico-sdk/sdk/2.1.1/src/rp2_common/pico_double/double_aeabi_dcp.S.obj
                0x10001d3c                int2double
                0x10001d3c                __wrap___aeabi_i2d
 .text.__wrap___aeabi_ui2d
                0x10001d58       0x24 CMakeFiles/Teste.dir/C_/Users/Nicholas/.pico-sdk/sdk/2.1.1/src/rp2_common/pico_double/double_aeabi_dcp.S.obj
                0x10001d60                uint2double
                0x10001d60                __wrap___aeabi_ui2d
 .text.__wrap___aeabi_d2iz
                0x10001d7c       0x24 CMakeFiles/Teste.dir/C_/Users/Nicholas/.pico-sdk/sdk/2.1.1/src/rp2_common/pico_double/double_aeabi_dcp.S.obj
                0x10001d84                double2int_z
                0x10001d84                __wrap___aeabi_d2iz
 .text.__wrap___aeabi_d2uiz
                0x10001da0       0x24 CMakeFiles/Teste.dir/C_/Users/Nicholas/.pico-sdk/sdk/2.1.1/src/rp2_common/pico_double/double_aeabi_dcp.S.obj
                0x10001da8                double2uint
                0x10001da8                __wrap___aeabi_d2uiz
                0x10001da8                double2uint_z
 .text.__wrap___aeabi_dcmpun
                0x10001dc4       0x24 CMakeFiles/Teste.dir/C_/Users/Nicholas/.pico-sdk/sdk/2.1.1/src/rp2_common/pico_double/double_aeabi_dcp.S.obj
                0x10001dcc                __wrap___aeabi_dcmpun
 .text.__wrap___aeabi_dcmplt
                0x10001de8       0x28 CMakeFiles/Teste.dir/C_/Users/Nicholas/.pico-sdk/sdk/2.1.1/src/rp2_common/pico_double/double_aeabi_dcp.S.obj
                0x10001df0                __wrap___aeabi_dcmplt
 .text.__wrap___aeabi_dcmple
                0x10001e10       0x28 CMakeFiles/Teste.dir/C_/Users/Nicholas/.pico-sdk/sdk/2.1.1/src/rp2_common/pico_double/double_aeabi_dcp.S.obj
                0x10001e18                __wrap___aeabi_dcmple
 .text.__wrap___aeabi_dcmpge
                0x10001e38       0x28 CMakeFiles/Teste.dir/C_/Users/Nicholas/.pico-sdk/sdk/2.1.1/src/rp2_common/pico_double/double_aeabi_dcp.S.obj
                0x10001e40                __wrap___aeabi_dcmpge
 .text.__wrap___aeabi_dcmpgt
                0x10001e60       0x28 CMakeFiles/Teste.dir/C_/Users/Nicholas/.pico-sdk/sdk/2.1.1/src/rp2_common/pico_double/double_aeabi_dcp.S.obj
                0x10001e68                __wrap___aeabi_dcmpgt
 .text.__wrap_malloc
                0x10001e88       0x24 CMakeFiles/Teste.dir/C_/Users/Nicholas/.pico-sdk/sdk/2.1.1/src/rp2_common/pico_malloc/malloc.c.obj
                0x10001e88                __wrap_malloc
 .text._out_null
                0x10001eac        0x4 CMakeFiles/Teste.dir/C_/Users/Nicholas/.pico-sdk/sdk/2.1.1/src/rp2_common/pico_printf/printf.c.obj
 .text._out_rev
                0x10001eb0       0x9c CMakeFiles/Teste.dir/C_/Users/Nicholas/.pico-sdk/sdk/2.1.1/src/rp2_common/pico_printf/printf.c.obj
 .text._ntoa_format
                0x10001f4c      0x1d4 CMakeFiles/Teste.dir/C_/Users/Nicholas/.pico-sdk/sdk/2.1.1/src/rp2_common/pico_printf/printf.c.obj
 .text._out_char
                0x10002120        0x8 CMakeFiles/Teste.dir/C_/Users/Nicholas/.pico-sdk/sdk/2.1.1/src/rp2_common/pico_printf/printf.c.obj
 .text._out_fct
                0x10002128        0xc CMakeFiles/Teste.dir/C_/Users/Nicholas/.pico-sdk/sdk/2.1.1/src/rp2_common/pico_printf/printf.c.obj
 *fill*         0x10002134        0x4 
 .text._ftoa    0x10002138      0x4bc CMakeFiles/Teste.dir/C_/Users/Nicholas/.pico-sdk/sdk/2.1.1/src/rp2_common/pico_printf/printf.c.obj
 *fill*         0x100025f4        0x4 
 .text._etoa    0x100025f8      0x574 CMakeFiles/Teste.dir/C_/Users/Nicholas/.pico-sdk/sdk/2.1.1/src/rp2_common/pico_printf/printf.c.obj
 .text._vsnprintf
                0x10002b6c      0x9e4 CMakeFiles/Teste.dir/C_/Users/Nicholas/.pico-sdk/sdk/2.1.1/src/rp2_common/pico_printf/printf.c.obj
 .text.vfctprintf
                0x10003550       0x28 CMakeFiles/Teste.dir/C_/Users/Nicholas/.pico-sdk/sdk/2.1.1/src/rp2_common/pico_printf/printf.c.obj
                0x10003550                vfctprintf
 .text.weak_raw_vprintf
                0x10003578       0x30 CMakeFiles/Teste.dir/C_/Users/Nicholas/.pico-sdk/sdk/2.1.1/src/rp2_common/pico_printf/printf.c.obj
                0x10003578                weak_raw_vprintf
 .text._exit    0x100035a8        0x4 CMakeFiles/Teste.dir/C_/Users/Nicholas/.pico-sdk/sdk/2.1.1/src/rp2_common/pico_clib_interface/newlib_interface.c.obj
                0x100035a8                _exit
 .text._sbrk    0x100035ac       0x2c CMakeFiles/Teste.dir/C_/Users/Nicholas/.pico-sdk/sdk/2.1.1/src/rp2_common/pico_clib_interface/newlib_interface.c.obj
                0x100035ac                _sbrk
 .text.exit     0x100035d8        0x8 CMakeFiles/Teste.dir/C_/Users/Nicholas/.pico-sdk/sdk/2.1.1/src/rp2_common/pico_clib_interface/newlib_interface.c.obj
                0x100035d8                exit
 .text.runtime_init
                0x100035e0       0x24 CMakeFiles/Teste.dir/C_/Users/Nicholas/.pico-sdk/sdk/2.1.1/src/rp2_common/pico_clib_interface/newlib_interface.c.obj
                0x100035e0                runtime_init
 .text.stdio_out_chars_no_crlf
                0x10003604        0x8 CMakeFiles/Teste.dir/C_/Users/Nicholas/.pico-sdk/sdk/2.1.1/src/rp2_common/pico_stdio/stdio.c.obj
 .text.stdio_out_chars_crlf
                0x1000360c       0xb0 CMakeFiles/Teste.dir/C_/Users/Nicholas/.pico-sdk/sdk/2.1.1/src/rp2_common/pico_stdio/stdio.c.obj
 .text.stdio_buffered_printer
                0x100036bc       0x60 CMakeFiles/Teste.dir/C_/Users/Nicholas/.pico-sdk/sdk/2.1.1/src/rp2_common/pico_stdio/stdio.c.obj
 .text.stdio_put_string
                0x1000371c       0xec CMakeFiles/Teste.dir/C_/Users/Nicholas/.pico-sdk/sdk/2.1.1/src/rp2_common/pico_stdio/stdio.c.obj
                0x1000371c                stdio_put_string
 .text.stdio_set_driver_enabled
                0x10003808       0x28 CMakeFiles/Teste.dir/C_/Users/Nicholas/.pico-sdk/sdk/2.1.1/src/rp2_common/pico_stdio/stdio.c.obj
                0x10003808                stdio_set_driver_enabled
 .text.stdio_init_all
                0x10003830        0x4 CMakeFiles/Teste.dir/C_/Users/Nicholas/.pico-sdk/sdk/2.1.1/src/rp2_common/pico_stdio/stdio.c.obj
                0x10003830                stdio_init_all
 .text.__wrap_putchar
                0x10003834       0x84 CMakeFiles/Teste.dir/C_/Users/Nicholas/.pico-sdk/sdk/2.1.1/src/rp2_common/pico_stdio/stdio.c.obj
                0x10003834                __wrap_putchar
                0x10003834                stdio_putchar
 .text.__wrap_puts
                0x100038b8       0x3c CMakeFiles/Teste.dir/C_/Users/Nicholas/.pico-sdk/sdk/2.1.1/src/rp2_common/pico_stdio/stdio.c.obj
                0x100038b8                stdio_puts
                0x100038b8                __wrap_puts
 .text.__wrap_vprintf
                0x100038f4       0xc4 CMakeFiles/Teste.dir/C_/Users/Nicholas/.pico-sdk/sdk/2.1.1/src/rp2_common/pico_stdio/stdio.c.obj
                0x100038f4                stdio_vprintf
                0x100038f4                __wrap_vprintf
 .text.__wrap_printf
                0x100039b8       0x1c CMakeFiles/Teste.dir/C_/Users/Nicholas/.pico-sdk/sdk/2.1.1/src/rp2_common/pico_stdio/stdio.c.obj
                0x100039b8                __wrap_printf
                0x100039b8                stdio_printf
 .text.resetd_init
                0x100039d4        0x4 CMakeFiles/Teste.dir/C_/Users/Nicholas/.pico-sdk/sdk/2.1.1/src/rp2_common/pico_stdio_usb/reset_interface.c.obj
 .text.resetd_reset
                0x100039d8        0xc CMakeFiles/Teste.dir/C_/Users/Nicholas/.pico-sdk/sdk/2.1.1/src/rp2_common/pico_stdio_usb/reset_interface.c.obj
 .text.resetd_open
                0x100039e4       0x28 CMakeFiles/Teste.dir/C_/Users/Nicholas/.pico-sdk/sdk/2.1.1/src/rp2_common/pico_stdio_usb/reset_interface.c.obj
 .text.resetd_xfer_cb
                0x10003a0c        0x4 CMakeFiles/Teste.dir/C_/Users/Nicholas/.pico-sdk/sdk/2.1.1/src/rp2_common/pico_stdio_usb/reset_interface.c.obj
 .text.resetd_control_xfer_cb
                0x10003a10       0x50 CMakeFiles/Teste.dir/C_/Users/Nicholas/.pico-sdk/sdk/2.1.1/src/rp2_common/pico_stdio_usb/reset_interface.c.obj
 .text.tud_descriptor_bos_cb
                0x10003a60        0x8 CMakeFiles/Teste.dir/C_/Users/Nicholas/.pico-sdk/sdk/2.1.1/src/rp2_common/pico_stdio_usb/reset_interface.c.obj
                0x10003a60                tud_descriptor_bos_cb
 .text.tud_vendor_control_xfer_cb
                0x10003a68       0x28 CMakeFiles/Teste.dir/C_/Users/Nicholas/.pico-sdk/sdk/2.1.1/src/rp2_common/pico_stdio_usb/reset_interface.c.obj
                0x10003a68                tud_vendor_control_xfer_cb
 .text.usbd_app_driver_get_cb
                0x10003a90       0x10 CMakeFiles/Teste.dir/C_/Users/Nicholas/.pico-sdk/sdk/2.1.1/src/rp2_common/pico_stdio_usb/reset_interface.c.obj
                0x10003a90                usbd_app_driver_get_cb
 .text.tud_cdc_line_coding_cb
                0x10003aa0       0x18 CMakeFiles/Teste.dir/C_/Users/Nicholas/.pico-sdk/sdk/2.1.1/src/rp2_common/pico_stdio_usb/reset_interface.c.obj
                0x10003aa0                tud_cdc_line_coding_cb
 .text.stdio_usb_set_chars_available_callback
                0x10003ab8       0x14 CMakeFiles/Teste.dir/C_/Users/Nicholas/.pico-sdk/sdk/2.1.1/src/rp2_common/pico_stdio_usb/stdio_usb.c.obj
                0x10003ab8                stdio_usb_set_chars_available_callback
 .text.timer_task
                0x10003acc       0x70 CMakeFiles/Teste.dir/C_/Users/Nicholas/.pico-sdk/sdk/2.1.1/src/rp2_common/pico_stdio_usb/stdio_usb.c.obj
 .text.usb_irq  0x10003b3c        0xc CMakeFiles/Teste.dir/C_/Users/Nicholas/.pico-sdk/sdk/2.1.1/src/rp2_common/pico_stdio_usb/stdio_usb.c.obj
 .text.stdio_usb_in_chars
                0x10003b48       0x88 CMakeFiles/Teste.dir/C_/Users/Nicholas/.pico-sdk/sdk/2.1.1/src/rp2_common/pico_stdio_usb/stdio_usb.c.obj
                0x10003b48                stdio_usb_in_chars
 .text.stdio_usb_out_flush
                0x10003bd0       0x54 CMakeFiles/Teste.dir/C_/Users/Nicholas/.pico-sdk/sdk/2.1.1/src/rp2_common/pico_stdio_usb/stdio_usb.c.obj
 .text.stdio_usb_out_chars
                0x10003c24       0xf4 CMakeFiles/Teste.dir/C_/Users/Nicholas/.pico-sdk/sdk/2.1.1/src/rp2_common/pico_stdio_usb/stdio_usb.c.obj
 .text.low_priority_worker_irq
                0x10003d18       0xd8 CMakeFiles/Teste.dir/C_/Users/Nicholas/.pico-sdk/sdk/2.1.1/src/rp2_common/pico_stdio_usb/stdio_usb.c.obj
 .text.stdio_usb_init
                0x10003df0       0xe8 CMakeFiles/Teste.dir/C_/Users/Nicholas/.pico-sdk/sdk/2.1.1/src/rp2_common/pico_stdio_usb/stdio_usb.c.obj
                0x10003df0                stdio_usb_init
 .text.tud_descriptor_device_cb
                0x10003ed8        0x8 CMakeFiles/Teste.dir/C_/Users/Nicholas/.pico-sdk/sdk/2.1.1/src/rp2_common/pico_stdio_usb/stdio_usb_descriptors.c.obj
                0x10003ed8                tud_descriptor_device_cb
 .text.tud_descriptor_configuration_cb
                0x10003ee0        0x8 CMakeFiles/Teste.dir/C_/Users/Nicholas/.pico-sdk/sdk/2.1.1/src/rp2_common/pico_stdio_usb/stdio_usb_descriptors.c.obj
                0x10003ee0                tud_descriptor_configuration_cb
 .text.tud_descriptor_string_cb
                0x10003ee8       0x70 CMakeFiles/Teste.dir/C_/Users/Nicholas/.pico-sdk/sdk/2.1.1/src/rp2_common/pico_stdio_usb/stdio_usb_descriptors.c.obj
                0x10003ee8                tud_descriptor_string_cb
 .text.startup._retrieve_unique_id_on_boot
                0x10003f58       0x30 CMakeFiles/Teste.dir/C_/Users/Nicholas/.pico-sdk/sdk/2.1.1/src/rp2_common/pico_unique_id/unique_id.c.obj
 .text.pico_get_unique_board_id_string
                0x10003f88      0x184 CMakeFiles/Teste.dir/C_/Users/Nicholas/.pico-sdk/sdk/2.1.1/src/rp2_common/pico_unique_id/unique_id.c.obj
                0x10003f88                pico_get_unique_board_id_string
 .text.dcd_init
                0x1000410c       0x8c CMakeFiles/Teste.dir/C_/Users/Nicholas/.pico-sdk/sdk/2.1.1/lib/tinyusb/src/portable/raspberrypi/rp2040/dcd_rp2040.c.obj
                0x1000410c                dcd_init
 .text.dcd_int_enable
                0x10004198        0x8 CMakeFiles/Teste.dir/C_/Users/Nicholas/.pico-sdk/sdk/2.1.1/lib/tinyusb/src/portable/raspberrypi/rp2040/dcd_rp2040.c.obj
                0x10004198                dcd_int_enable
 .text.dcd_set_address
                0x100041a0       0x10 CMakeFiles/Teste.dir/C_/Users/Nicholas/.pico-sdk/sdk/2.1.1/lib/tinyusb/src/portable/raspberrypi/rp2040/dcd_rp2040.c.obj
                0x100041a0                dcd_set_address
 .text.dcd_sof_enable
                0x100041b0       0x1c CMakeFiles/Teste.dir/C_/Users/Nicholas/.pico-sdk/sdk/2.1.1/lib/tinyusb/src/portable/raspberrypi/rp2040/dcd_rp2040.c.obj
                0x100041b0                dcd_sof_enable
 .text.dcd_edpt0_status_complete
                0x100041cc       0x1c CMakeFiles/Teste.dir/C_/Users/Nicholas/.pico-sdk/sdk/2.1.1/lib/tinyusb/src/portable/raspberrypi/rp2040/dcd_rp2040.c.obj
                0x100041cc                dcd_edpt0_status_complete
 .text.dcd_edpt_open
                0x100041e8      0x104 CMakeFiles/Teste.dir/C_/Users/Nicholas/.pico-sdk/sdk/2.1.1/lib/tinyusb/src/portable/raspberrypi/rp2040/dcd_rp2040.c.obj
                0x100041e8                dcd_edpt_open
 .text.dcd_edpt_close_all
                0x100042ec        0x4 CMakeFiles/Teste.dir/C_/Users/Nicholas/.pico-sdk/sdk/2.1.1/lib/tinyusb/src/portable/raspberrypi/rp2040/dcd_rp2040.c.obj
                0x100042ec                dcd_edpt_close_all
 .text.dcd_edpt_xfer
                0x100042f0       0x28 CMakeFiles/Teste.dir/C_/Users/Nicholas/.pico-sdk/sdk/2.1.1/lib/tinyusb/src/portable/raspberrypi/rp2040/dcd_rp2040.c.obj
                0x100042f0                dcd_edpt_xfer
 .text.dcd_edpt_stall
                0x10004318       0x30 CMakeFiles/Teste.dir/C_/Users/Nicholas/.pico-sdk/sdk/2.1.1/lib/tinyusb/src/portable/raspberrypi/rp2040/dcd_rp2040.c.obj
                0x10004318                dcd_edpt_stall
 .text.dcd_edpt_clear_stall
                0x10004348       0x24 CMakeFiles/Teste.dir/C_/Users/Nicholas/.pico-sdk/sdk/2.1.1/lib/tinyusb/src/portable/raspberrypi/rp2040/dcd_rp2040.c.obj
                0x10004348                dcd_edpt_clear_stall
 .text.rp2040_usb_init
                0x1000436c       0x40 CMakeFiles/Teste.dir/C_/Users/Nicholas/.pico-sdk/sdk/2.1.1/lib/tinyusb/src/portable/raspberrypi/rp2040/rp2040_usb.c.obj
                0x1000436c                rp2040_usb_init
 .text.hw_endpoint_xfer_start
                0x100043ac       0x40 CMakeFiles/Teste.dir/C_/Users/Nicholas/.pico-sdk/sdk/2.1.1/lib/tinyusb/src/portable/raspberrypi/rp2040/rp2040_usb.c.obj
                0x100043ac                hw_endpoint_xfer_start
 .text.configuration_reset
                0x100043ec       0x8c CMakeFiles/Teste.dir/C_/Users/Nicholas/.pico-sdk/sdk/2.1.1/lib/tinyusb/src/device/usbd.c.obj
 .text.tud_event_hook_cb
                0x10004478        0x4 CMakeFiles/Teste.dir/C_/Users/Nicholas/.pico-sdk/sdk/2.1.1/lib/tinyusb/src/device/usbd.c.obj
                0x10004478                tud_event_hook_cb
 .text.tud_sof_cb
                0x1000447c        0x4 CMakeFiles/Teste.dir/C_/Users/Nicholas/.pico-sdk/sdk/2.1.1/lib/tinyusb/src/device/usbd.c.obj
                0x1000447c                tud_sof_cb
 .text.tud_descriptor_device_qualifier_cb
                0x10004480        0x4 CMakeFiles/Teste.dir/C_/Users/Nicholas/.pico-sdk/sdk/2.1.1/lib/tinyusb/src/device/usbd.c.obj
                0x10004480                tud_descriptor_device_qualifier_cb
 .text.tud_descriptor_other_speed_configuration_cb
                0x10004484        0x4 CMakeFiles/Teste.dir/C_/Users/Nicholas/.pico-sdk/sdk/2.1.1/lib/tinyusb/src/device/usbd.c.obj
                0x10004484                tud_descriptor_other_speed_configuration_cb
 .text.tud_mount_cb
                0x10004488        0x4 CMakeFiles/Teste.dir/C_/Users/Nicholas/.pico-sdk/sdk/2.1.1/lib/tinyusb/src/device/usbd.c.obj
                0x10004488                tud_mount_cb
 .text.tud_umount_cb
                0x1000448c        0x4 CMakeFiles/Teste.dir/C_/Users/Nicholas/.pico-sdk/sdk/2.1.1/lib/tinyusb/src/device/usbd.c.obj
                0x1000448c                tud_umount_cb
 .text.tud_suspend_cb
                0x10004490        0x4 CMakeFiles/Teste.dir/C_/Users/Nicholas/.pico-sdk/sdk/2.1.1/lib/tinyusb/src/device/usbd.c.obj
                0x10004490                tud_suspend_cb
 .text.tud_resume_cb
                0x10004494        0x4 CMakeFiles/Teste.dir/C_/Users/Nicholas/.pico-sdk/sdk/2.1.1/lib/tinyusb/src/device/usbd.c.obj
                0x10004494                tud_resume_cb
 .text.tud_mounted
                0x10004498       0x10 CMakeFiles/Teste.dir/C_/Users/Nicholas/.pico-sdk/sdk/2.1.1/lib/tinyusb/src/device/usbd.c.obj
                0x10004498                tud_mounted
 .text.tud_suspended
                0x100044a8       0x10 CMakeFiles/Teste.dir/C_/Users/Nicholas/.pico-sdk/sdk/2.1.1/lib/tinyusb/src/device/usbd.c.obj
                0x100044a8                tud_suspended
 .text.tud_rhport_init
                0x100044b8       0xf4 CMakeFiles/Teste.dir/C_/Users/Nicholas/.pico-sdk/sdk/2.1.1/lib/tinyusb/src/device/usbd.c.obj
                0x100044b8                tud_rhport_init
 .text.tud_task_ext
                0x100045ac      0x784 CMakeFiles/Teste.dir/C_/Users/Nicholas/.pico-sdk/sdk/2.1.1/lib/tinyusb/src/device/usbd.c.obj
                0x100045ac                tud_task_ext
 .text.usbd_open_edpt_pair
                0x10004d30       0x9c CMakeFiles/Teste.dir/C_/Users/Nicholas/.pico-sdk/sdk/2.1.1/lib/tinyusb/src/device/usbd.c.obj
                0x10004d30                usbd_open_edpt_pair
 .text.usbd_edpt_open
                0x10004dcc       0x44 CMakeFiles/Teste.dir/C_/Users/Nicholas/.pico-sdk/sdk/2.1.1/lib/tinyusb/src/device/usbd.c.obj
                0x10004dcc                usbd_edpt_open
 .text.usbd_edpt_claim
                0x10004e10       0x24 CMakeFiles/Teste.dir/C_/Users/Nicholas/.pico-sdk/sdk/2.1.1/lib/tinyusb/src/device/usbd.c.obj
                0x10004e10                usbd_edpt_claim
 .text.usbd_edpt_release
                0x10004e34       0x24 CMakeFiles/Teste.dir/C_/Users/Nicholas/.pico-sdk/sdk/2.1.1/lib/tinyusb/src/device/usbd.c.obj
                0x10004e34                usbd_edpt_release
 .text.usbd_edpt_xfer
                0x10004e58       0x70 CMakeFiles/Teste.dir/C_/Users/Nicholas/.pico-sdk/sdk/2.1.1/lib/tinyusb/src/device/usbd.c.obj
                0x10004e58                usbd_edpt_xfer
 .text.tud_control_status
                0x10004ec8       0x34 CMakeFiles/Teste.dir/C_/Users/Nicholas/.pico-sdk/sdk/2.1.1/lib/tinyusb/src/device/usbd_control.c.obj
                0x10004ec8                tud_control_status
 .text.tud_control_xfer
                0x10004efc       0xb0 CMakeFiles/Teste.dir/C_/Users/Nicholas/.pico-sdk/sdk/2.1.1/lib/tinyusb/src/device/usbd_control.c.obj
                0x10004efc                tud_control_xfer
 .text.usbd_control_reset
                0x10004fac       0x14 CMakeFiles/Teste.dir/C_/Users/Nicholas/.pico-sdk/sdk/2.1.1/lib/tinyusb/src/device/usbd_control.c.obj
                0x10004fac                usbd_control_reset
 .text.usbd_control_set_complete_callback
                0x10004fc0        0xc CMakeFiles/Teste.dir/C_/Users/Nicholas/.pico-sdk/sdk/2.1.1/lib/tinyusb/src/device/usbd_control.c.obj
                0x10004fc0                usbd_control_set_complete_callback
 .text.usbd_control_set_request
                0x10004fcc       0x1c CMakeFiles/Teste.dir/C_/Users/Nicholas/.pico-sdk/sdk/2.1.1/lib/tinyusb/src/device/usbd_control.c.obj
                0x10004fcc                usbd_control_set_request
 .text.usbd_control_xfer_cb
                0x10004fe8      0x100 CMakeFiles/Teste.dir/C_/Users/Nicholas/.pico-sdk/sdk/2.1.1/lib/tinyusb/src/device/usbd_control.c.obj
                0x10004fe8                usbd_control_xfer_cb
 .text._prep_out_transaction.isra.0
                0x100050e8       0x74 CMakeFiles/Teste.dir/C_/Users/Nicholas/.pico-sdk/sdk/2.1.1/lib/tinyusb/src/class/cdc/cdc_device.c.obj
 .text.tud_cdc_n_connected
                0x1000515c       0x2c CMakeFiles/Teste.dir/C_/Users/Nicholas/.pico-sdk/sdk/2.1.1/lib/tinyusb/src/class/cdc/cdc_device.c.obj
                0x1000515c                tud_cdc_n_connected
 .text.tud_cdc_n_available
                0x10005188       0x14 CMakeFiles/Teste.dir/C_/Users/Nicholas/.pico-sdk/sdk/2.1.1/lib/tinyusb/src/class/cdc/cdc_device.c.obj
                0x10005188                tud_cdc_n_available
 .text.tud_cdc_n_read
                0x1000519c       0x90 CMakeFiles/Teste.dir/C_/Users/Nicholas/.pico-sdk/sdk/2.1.1/lib/tinyusb/src/class/cdc/cdc_device.c.obj
                0x1000519c                tud_cdc_n_read
 .text.tud_cdc_n_write_flush
                0x1000522c       0x8c CMakeFiles/Teste.dir/C_/Users/Nicholas/.pico-sdk/sdk/2.1.1/lib/tinyusb/src/class/cdc/cdc_device.c.obj
                0x1000522c                tud_cdc_n_write_flush
 .text.tud_cdc_n_write
                0x100052b8       0x40 CMakeFiles/Teste.dir/C_/Users/Nicholas/.pico-sdk/sdk/2.1.1/lib/tinyusb/src/class/cdc/cdc_device.c.obj
                0x100052b8                tud_cdc_n_write
 .text.tud_cdc_n_write_available
                0x100052f8       0x14 CMakeFiles/Teste.dir/C_/Users/Nicholas/.pico-sdk/sdk/2.1.1/lib/tinyusb/src/class/cdc/cdc_device.c.obj
                0x100052f8                tud_cdc_n_write_available
 .text.cdcd_init
                0x1000530c       0x70 CMakeFiles/Teste.dir/C_/Users/Nicholas/.pico-sdk/sdk/2.1.1/lib/tinyusb/src/class/cdc/cdc_device.c.obj
                0x1000530c                cdcd_init
 .text.cdcd_deinit
                0x1000537c       0x30 CMakeFiles/Teste.dir/C_/Users/Nicholas/.pico-sdk/sdk/2.1.1/lib/tinyusb/src/class/cdc/cdc_device.c.obj
                0x1000537c                cdcd_deinit
 .text.cdcd_reset
                0x100053ac       0x4c CMakeFiles/Teste.dir/C_/Users/Nicholas/.pico-sdk/sdk/2.1.1/lib/tinyusb/src/class/cdc/cdc_device.c.obj
                0x100053ac                cdcd_reset
 .text.cdcd_open
                0x100053f8       0xc0 CMakeFiles/Teste.dir/C_/Users/Nicholas/.pico-sdk/sdk/2.1.1/lib/tinyusb/src/class/cdc/cdc_device.c.obj
                0x100053f8                cdcd_open
 .text.cdcd_control_xfer_cb
                0x100054b8       0xc0 CMakeFiles/Teste.dir/C_/Users/Nicholas/.pico-sdk/sdk/2.1.1/lib/tinyusb/src/class/cdc/cdc_device.c.obj
                0x100054b8                cdcd_control_xfer_cb
 .text.cdcd_xfer_cb
                0x10005578       0xf8 CMakeFiles/Teste.dir/C_/Users/Nicholas/.pico-sdk/sdk/2.1.1/lib/tinyusb/src/class/cdc/cdc_device.c.obj
                0x10005578                cdcd_xfer_cb
 .text.vendord_init
                0x10005670       0x5c CMakeFiles/Teste.dir/C_/Users/Nicholas/.pico-sdk/sdk/2.1.1/lib/tinyusb/src/class/vendor/vendor_device.c.obj
                0x10005670                vendord_init
 .text.vendord_deinit
                0x100056cc       0x1c CMakeFiles/Teste.dir/C_/Users/Nicholas/.pico-sdk/sdk/2.1.1/lib/tinyusb/src/class/vendor/vendor_device.c.obj
                0x100056cc                vendord_deinit
 .text.vendord_reset
                0x100056e8       0x24 CMakeFiles/Teste.dir/C_/Users/Nicholas/.pico-sdk/sdk/2.1.1/lib/tinyusb/src/class/vendor/vendor_device.c.obj
                0x100056e8                vendord_reset
 .text.vendord_open
                0x1000570c       0xf4 CMakeFiles/Teste.dir/C_/Users/Nicholas/.pico-sdk/sdk/2.1.1/lib/tinyusb/src/class/vendor/vendor_device.c.obj
                0x1000570c                vendord_open
 .text.vendord_xfer_cb
                0x10005800       0x88 CMakeFiles/Teste.dir/C_/Users/Nicholas/.pico-sdk/sdk/2.1.1/lib/tinyusb/src/class/vendor/vendor_device.c.obj
                0x10005800                vendord_xfer_cb
 .text.tusb_rhport_init
                0x10005888       0x64 CMakeFiles/Teste.dir/C_/Users/Nicholas/.pico-sdk/sdk/2.1.1/lib/tinyusb/src/tusb.c.obj
                0x10005888                tusb_rhport_init
 .text.tu_edpt_claim
                0x100058ec       0x54 CMakeFiles/Teste.dir/C_/Users/Nicholas/.pico-sdk/sdk/2.1.1/lib/tinyusb/src/tusb.c.obj
                0x100058ec                tu_edpt_claim
 .text.tu_edpt_release
                0x10005940       0x38 CMakeFiles/Teste.dir/C_/Users/Nicholas/.pico-sdk/sdk/2.1.1/lib/tinyusb/src/tusb.c.obj
                0x10005940                tu_edpt_release
 .text.tu_edpt_validate
                0x10005978       0x60 CMakeFiles/Teste.dir/C_/Users/Nicholas/.pico-sdk/sdk/2.1.1/lib/tinyusb/src/tusb.c.obj
                0x10005978                tu_edpt_validate
 .text.tu_edpt_bind_driver
                0x100059d8       0x58 CMakeFiles/Teste.dir/C_/Users/Nicholas/.pico-sdk/sdk/2.1.1/lib/tinyusb/src/tusb.c.obj
                0x100059d8                tu_edpt_bind_driver
 .text.tu_edpt_stream_init
                0x10005a30       0x58 CMakeFiles/Teste.dir/C_/Users/Nicholas/.pico-sdk/sdk/2.1.1/lib/tinyusb/src/tusb.c.obj
                0x10005a30                tu_edpt_stream_init
 .text.tu_edpt_stream_deinit
                0x10005a88        0x4 CMakeFiles/Teste.dir/C_/Users/Nicholas/.pico-sdk/sdk/2.1.1/lib/tinyusb/src/tusb.c.obj
                0x10005a88                tu_edpt_stream_deinit
 .text.tu_edpt_stream_write_zlp_if_needed
                0x10005a8c       0x68 CMakeFiles/Teste.dir/C_/Users/Nicholas/.pico-sdk/sdk/2.1.1/lib/tinyusb/src/tusb.c.obj
                0x10005a8c                tu_edpt_stream_write_zlp_if_needed
 .text.tu_edpt_stream_write_xfer
                0x10005af4       0x70 CMakeFiles/Teste.dir/C_/Users/Nicholas/.pico-sdk/sdk/2.1.1/lib/tinyusb/src/tusb.c.obj
                0x10005af4                tu_edpt_stream_write_xfer
 .text.tu_edpt_stream_read_xfer
                0x10005b64       0xc8 CMakeFiles/Teste.dir/C_/Users/Nicholas/.pico-sdk/sdk/2.1.1/lib/tinyusb/src/tusb.c.obj
                0x10005b64                tu_edpt_stream_read_xfer
 .text.tu_fifo_config
                0x10005c2c       0x60 CMakeFiles/Teste.dir/C_/Users/Nicholas/.pico-sdk/sdk/2.1.1/lib/tinyusb/src/common/tusb_fifo.c.obj
                0x10005c2c                tu_fifo_config
 .text.tu_fifo_count
                0x10005c8c       0x20 CMakeFiles/Teste.dir/C_/Users/Nicholas/.pico-sdk/sdk/2.1.1/lib/tinyusb/src/common/tusb_fifo.c.obj
                0x10005c8c                tu_fifo_count
 .text.tu_fifo_empty
                0x10005cac       0x14 CMakeFiles/Teste.dir/C_/Users/Nicholas/.pico-sdk/sdk/2.1.1/lib/tinyusb/src/common/tusb_fifo.c.obj
                0x10005cac                tu_fifo_empty
 .text.tu_fifo_remaining
                0x10005cc0       0x24 CMakeFiles/Teste.dir/C_/Users/Nicholas/.pico-sdk/sdk/2.1.1/lib/tinyusb/src/common/tusb_fifo.c.obj
                0x10005cc0                tu_fifo_remaining
 .text.tu_fifo_read
                0x10005ce4       0x94 CMakeFiles/Teste.dir/C_/Users/Nicholas/.pico-sdk/sdk/2.1.1/lib/tinyusb/src/common/tusb_fifo.c.obj
                0x10005ce4                tu_fifo_read
 .text.tu_fifo_read_n
                0x10005d78       0xd8 CMakeFiles/Teste.dir/C_/Users/Nicholas/.pico-sdk/sdk/2.1.1/lib/tinyusb/src/common/tusb_fifo.c.obj
                0x10005d78                tu_fifo_read_n
 .text.tu_fifo_write
                0x10005e50       0xa4 CMakeFiles/Teste.dir/C_/Users/Nicholas/.pico-sdk/sdk/2.1.1/lib/tinyusb/src/common/tusb_fifo.c.obj
                0x10005e50                tu_fifo_write
 .text.tu_fifo_write_n
                0x10005ef4      0x15c CMakeFiles/Teste.dir/C_/Users/Nicholas/.pico-sdk/sdk/2.1.1/lib/tinyusb/src/common/tusb_fifo.c.obj
                0x10005ef4                tu_fifo_write_n
 .text.tu_fifo_clear
                0x10006050       0x38 CMakeFiles/Teste.dir/C_/Users/Nicholas/.pico-sdk/sdk/2.1.1/lib/tinyusb/src/common/tusb_fifo.c.obj
                0x10006050                tu_fifo_clear
 .text.tu_fifo_set_overwritable
                0x10006088       0x3c CMakeFiles/Teste.dir/C_/Users/Nicholas/.pico-sdk/sdk/2.1.1/lib/tinyusb/src/common/tusb_fifo.c.obj
                0x10006088                tu_fifo_set_overwritable
 .text.adc_init
                0x100060c4       0x30 CMakeFiles/Teste.dir/C_/Users/Nicholas/.pico-sdk/sdk/2.1.1/src/rp2_common/hardware_adc/adc.c.obj
                0x100060c4                adc_init
 .text.dma_claim_unused_channel
                0x100060f4       0x20 CMakeFiles/Teste.dir/C_/Users/Nicholas/.pico-sdk/sdk/2.1.1/src/rp2_common/hardware_dma/dma.c.obj
                0x100060f4                dma_claim_unused_channel
 .text.malloc   0x10006114       0x10 C:/Users/Nicholas/.pico-sdk/toolchain/14_2_Rel1/bin/../lib/gcc/arm-none-eabi/14.2.1/thumb/v8-m.main+fp/softfp\libg.a(libc_a-malloc.o)
                0x10006114                malloc
 .text._malloc_r
                0x10006124      0x578 C:/Users/Nicholas/.pico-sdk/toolchain/14_2_Rel1/bin/../lib/gcc/arm-none-eabi/14.2.1/thumb/v8-m.main+fp/softfp\libg.a(libc_a-mallocr.o)
                0x10006124                _malloc_r
 .text.__malloc_lock
                0x1000669c        0xc C:/Users/Nicholas/.pico-sdk/toolchain/14_2_Rel1/bin/../lib/gcc/arm-none-eabi/14.2.1/thumb/v8-m.main+fp/softfp\libg.a(libc_a-mlock.o)
                0x1000669c                __malloc_lock
 .text.__malloc_unlock
                0x100066a8        0xc C:/Users/Nicholas/.pico-sdk/toolchain/14_2_Rel1/bin/../lib/gcc/arm-none-eabi/14.2.1/thumb/v8-m.main+fp/softfp\libg.a(libc_a-mlock.o)
                0x100066a8                __malloc_unlock
 .text.memset   0x100066b4       0x9c C:/Users/Nicholas/.pico-sdk/toolchain/14_2_Rel1/bin/../lib/gcc/arm-none-eabi/14.2.1/thumb/v8-m.main+fp/softfp\libg.a(libc_a-memset.o)
                0x100066b4                memset
 .text._sbrk_r  0x10006750       0x24 C:/Users/Nicholas/.pico-sdk/toolchain/14_2_Rel1/bin/../lib/gcc/arm-none-eabi/14.2.1/thumb/v8-m.main+fp/softfp\libg.a(libc_a-sbrkr.o)
                0x10006750                _sbrk_r
 .text.__errno  0x10006774        0xc C:/Users/Nicholas/.pico-sdk/toolchain/14_2_Rel1/bin/../lib/gcc/arm-none-eabi/14.2.1/thumb/v8-m.main+fp/softfp\libg.a(libc_a-errno.o)
                0x10006774                __errno
 .text.__retarget_lock_acquire_recursive
                0x10006780        0x4 C:/Users/Nicholas/.pico-sdk/toolchain/14_2_Rel1/bin/../lib/gcc/arm-none-eabi/14.2.1/thumb/v8-m.main+fp/softfp\libg.a(libc_a-lock.o)
                0x10006780                __retarget_lock_acquire_recursive
 .text.__retarget_lock_release_recursive
                0x10006784        0x4 C:/Users/Nicholas/.pico-sdk/toolchain/14_2_Rel1/bin/../lib/gcc/arm-none-eabi/14.2.1/thumb/v8-m.main+fp/softfp\libg.a(libc_a-lock.o)
                0x10006784                __retarget_lock_release_recursive
 .text.sysconf  0x10006788       0x1c C:/Users/Nicholas/.pico-sdk/toolchain/14_2_Rel1/bin/../lib/gcc/arm-none-eabi/14.2.1/thumb/v8-m.main+fp/softfp\libg.a(libc_a-sysconf.o)
                0x10006788                sysconf
 .text          0x100067a4       0xec C:/Users/Nicholas/.pico-sdk/toolchain/14_2_Rel1/bin/../lib/gcc/arm-none-eabi/14.2.1/thumb/v8-m.main+fp/softfp\libg.a(libc_a-memcpy.o)
                0x100067a4                memcpy
 .text.strlen   0x10006890       0x5c C:/Users/Nicholas/.pico-sdk/toolchain/14_2_Rel1/bin/../lib/gcc/arm-none-eabi/14.2.1/thumb/v8-m.main+fp/softfp\libg.a(libc_a-strlen-stub.o)
                0x10006890                strlen
 .text._malloc_trim_r
                0x100068ec       0xb8 C:/Users/Nicholas/.pico-sdk/toolchain/14_2_Rel1/bin/../lib/gcc/arm-none-eabi/14.2.1/thumb/v8-m.main+fp/softfp\libg.a(libc_a-freer.o)
                0x100068ec                _malloc_trim_r
 .text._free_r  0x100069a4      0x1e8 C:/Users/Nicholas/.pico-sdk/toolchain/14_2_Rel1/bin/../lib/gcc/arm-none-eabi/14.2.1/thumb/v8-m.main+fp/softfp\libg.a(libc_a-freer.o)
                0x100069a4                _free_r
 *(.fini)
 .fini          0x10006b8c        0x4 C:/Users/Nicholas/.pico-sdk/toolchain/14_2_Rel1/bin/../lib/gcc/arm-none-eabi/14.2.1/thumb/v8-m.main+fp/softfp/crti.o
                0x10006b8c                _fini
 .fini.__stub   0x10006b90       0x50 linker stubs
 *crtbegin.o(.ctors)
 *crtbegin?.o(.ctors)
 *(EXCLUDE_FILE(*crtend.o *crtend?.o) .ctors)
 *(SORT_BY_NAME(.ctors.*))
 *(.ctors)
 *crtbegin.o(.dtors)
 *crtbegin?.o(.dtors)
 *(EXCLUDE_FILE(*crtend.o *crtend?.o) .dtors)
 *(SORT_BY_NAME(.dtors.*))
 *(.dtors)
                0x10006be0                        . = ALIGN (0x4)
                0x10006be0                        PROVIDE (__preinit_array_start = .)
 *(SORT_BY_NAME(.preinit_array.*))
 .preinit_array.00050
                0x10006be0        0x4 CMakeFiles/Teste.dir/C_/Users/Nicholas/.pico-sdk/sdk/2.1.1/src/rp2_common/pico_runtime_init/runtime_init.c.obj
                0x10006be0                __pre_init_runtime_init_bootrom_reset
 .preinit_array.00100
                0x10006be4        0x4 CMakeFiles/Teste.dir/C_/Users/Nicholas/.pico-sdk/sdk/2.1.1/src/rp2_common/pico_runtime_init/runtime_init.c.obj
                0x10006be4                __pre_init_runtime_init_early_resets
 .preinit_array.00101
                0x10006be8        0x4 CMakeFiles/Teste.dir/C_/Users/Nicholas/.pico-sdk/sdk/2.1.1/src/rp2_common/pico_runtime_init/runtime_init.c.obj
                0x10006be8                __pre_init_runtime_init_usb_power_down
 .preinit_array.00500
                0x10006bec        0x4 CMakeFiles/Teste.dir/C_/Users/Nicholas/.pico-sdk/sdk/2.1.1/src/rp2_common/pico_runtime_init/runtime_init.c.obj
                0x10006bec                __pre_init_runtime_init_clocks
 .preinit_array.00600
                0x10006bf0        0x4 CMakeFiles/Teste.dir/C_/Users/Nicholas/.pico-sdk/sdk/2.1.1/src/rp2_common/pico_runtime_init/runtime_init.c.obj
                0x10006bf0                __pre_init_runtime_init_post_clock_resets
 .preinit_array.01000
                0x10006bf4        0x4 CMakeFiles/Teste.dir/C_/Users/Nicholas/.pico-sdk/sdk/2.1.1/src/rp2_common/hardware_boot_lock/boot_lock.c.obj
                0x10006bf4                __pre_init_runtime_init_boot_locks_reset
 .preinit_array.01000
                0x10006bf8        0x4 CMakeFiles/Teste.dir/C_/Users/Nicholas/.pico-sdk/sdk/2.1.1/src/rp2_common/pico_runtime_init/runtime_init.c.obj
                0x10006bf8                __pre_init_runtime_init_spin_locks_reset
 .preinit_array.01010
                0x10006bfc        0x4 CMakeFiles/Teste.dir/C_/Users/Nicholas/.pico-sdk/sdk/2.1.1/src/rp2_common/pico_bootrom/bootrom_lock.c.obj
                0x10006bfc                __pre_init_runtime_init_bootrom_locking_enable
 .preinit_array.01100
                0x10006c00        0x4 CMakeFiles/Teste.dir/C_/Users/Nicholas/.pico-sdk/sdk/2.1.1/src/common/pico_sync/mutex.c.obj
                0x10006c00                __pre_init_runtime_init_mutex
 .preinit_array.10080
                0x10006c04        0x4 CMakeFiles/Teste.dir/C_/Users/Nicholas/.pico-sdk/sdk/2.1.1/src/rp2_common/pico_runtime_init/runtime_init.c.obj
                0x10006c04                __pre_init_runtime_init_install_ram_vector_table
 .preinit_array.11000
                0x10006c08        0x4 CMakeFiles/Teste.dir/C_/Users/Nicholas/.pico-sdk/sdk/2.1.1/src/common/pico_time/time.c.obj
                0x10006c08                __pre_init_runtime_init_default_alarm_pool
 .preinit_array.YYYYY
                0x10006c0c        0x4 CMakeFiles/Teste.dir/C_/Users/Nicholas/.pico-sdk/sdk/2.1.1/src/rp2_common/pico_runtime/runtime.c.obj
                0x10006c0c                __pre_init_first_per_core_initializer
 .preinit_array.ZZZZZ.00051
                0x10006c10        0x4 CMakeFiles/Teste.dir/C_/Users/Nicholas/.pico-sdk/sdk/2.1.1/src/rp2_common/pico_runtime_init/runtime_init.c.obj
                0x10006c10                __pre_init_runtime_init_per_core_bootrom_reset
 .preinit_array.ZZZZZ.00200
                0x10006c14        0x4 CMakeFiles/Teste.dir/C_/Users/Nicholas/.pico-sdk/sdk/2.1.1/src/rp2_common/pico_runtime_init/runtime_init.c.obj
                0x10006c14                __pre_init_runtime_init_per_core_enable_coprocessors
 .preinit_array.ZZZZZ.01000
                0x10006c18        0x4 CMakeFiles/Teste.dir/C_/Users/Nicholas/.pico-sdk/sdk/2.1.1/src/rp2_common/hardware_sync_spin_lock/sync_spin_lock.c.obj
                0x10006c18                __pre_init_spinlock_set_extexclall
 .preinit_array.ZZZZZ.01200
                0x10006c1c        0x4 CMakeFiles/Teste.dir/C_/Users/Nicholas/.pico-sdk/sdk/2.1.1/src/rp2_common/hardware_irq/irq.c.obj
                0x10006c1c                __pre_init_runtime_init_per_core_irq_priorities
 *(.preinit_array)
                0x10006c20                        PROVIDE (__preinit_array_end = .)
                0x10006c20                        . = ALIGN (0x4)
                0x10006c20                        PROVIDE (__init_array_start = .)
 *(SORT_BY_NAME(.init_array.*))
 *(.init_array)
 .init_array    0x10006c20        0x4 C:/Users/Nicholas/.pico-sdk/toolchain/14_2_Rel1/bin/../lib/gcc/arm-none-eabi/14.2.1/thumb/v8-m.main+fp/softfp/crtbegin.o
 .init_array    0x10006c24        0x4 CMakeFiles/Teste.dir/C_/Users/Nicholas/.pico-sdk/sdk/2.1.1/src/rp2_common/pico_unique_id/unique_id.c.obj
                0x10006c28                        PROVIDE (__init_array_end = .)
                0x10006c28                        . = ALIGN (0x4)
                [!provide]                        PROVIDE (__fini_array_start = .)
 *(SORT_BY_NAME(.fini_array.*))
 *(.fini_array)
                [!provide]                        PROVIDE (__fini_array_end = .)
 *(.eh_frame*)
 .eh_frame      0x10006c28        0x0 C:/Users/Nicholas/.pico-sdk/toolchain/14_2_Rel1/bin/../lib/gcc/arm-none-eabi/14.2.1/thumb/v8-m.main+fp/softfp/crtbegin.o
                0x10006c28                        . = ALIGN (0x4)

.glue_7         0x10006c28        0x0
 .glue_7        0x10006c28        0x0 linker stubs

.glue_7t        0x10006c28        0x0
 .glue_7t       0x10006c28        0x0 linker stubs

.vfp11_veneer   0x10006c28        0x0
 .vfp11_veneer  0x10006c28        0x0 linker stubs

.v4_bx          0x10006c28        0x0
 .v4_bx         0x10006c28        0x0 linker stubs

.iplt           0x10006c28        0x0
 .iplt          0x10006c28        0x0 C:/Users/Nicholas/.pico-sdk/toolchain/14_2_Rel1/bin/../lib/gcc/arm-none-eabi/14.2.1/thumb/v8-m.main+fp/softfp/crtbegin.o

.boot2          0x10006c28        0x0
                0x10006c28                        __boot2_start__ = .
 *(.boot2)
                0x10006c28                        __boot2_end__ = .
                0x00000001                        ASSERT (((__boot2_end__ - __boot2_start__) <= 0x100), ERROR: Pico second stage bootloader must be no more than 256 bytes in size)

.rodata         0x10006c28      0x464
 *(EXCLUDE_FILE(*libm.a: *libc.a:*lib_a-mem*.o *libgcc.a:) .rodata*)
 .rodata.button_a_callback.str1.4
                0x10006c28      0x1f6 CMakeFiles/Teste.dir/Teste.c.obj
                                 0x36 (size before relaxing)
 .rodata.button_b_callback.str1.4
                0x10006e1e       0x1e CMakeFiles/Teste.dir/Teste.c.obj
 .rodata.panic.str1.4
                0x10006e1e       0x12 CMakeFiles/Teste.dir/C_/Users/Nicholas/.pico-sdk/sdk/2.1.1/src/rp2_common/pico_platform_panic/panic.c.obj
 .rodata.spin_lock_claim_unused.str1.4
                0x10006e1e       0x1b CMakeFiles/Teste.dir/C_/Users/Nicholas/.pico-sdk/sdk/2.1.1/src/rp2_common/hardware_sync/sync.c.obj
 .rodata.user_irq_claim_unused.str1.4
                0x10006e1e       0x1b CMakeFiles/Teste.dir/C_/Users/Nicholas/.pico-sdk/sdk/2.1.1/src/rp2_common/hardware_irq/irq.c.obj
 .rodata.timer_hardware_alarm_claim.str1.4
                0x10006e1e       0x22 CMakeFiles/Teste.dir/C_/Users/Nicholas/.pico-sdk/sdk/2.1.1/src/rp2_common/hardware_timer/timer.c.obj
 .rodata.hard_assertion_failure.str1.4
                0x10006e1e        0xc CMakeFiles/Teste.dir/C_/Users/Nicholas/.pico-sdk/sdk/2.1.1/src/rp2_common/pico_runtime/runtime.c.obj
 .rodata.__wrap_malloc.str1.4
                0x10006e1e        0xe CMakeFiles/Teste.dir/C_/Users/Nicholas/.pico-sdk/sdk/2.1.1/src/rp2_common/pico_malloc/malloc.c.obj
 .rodata.str1.4
                0x10006e1e       0x40 CMakeFiles/Teste.dir/C_/Users/Nicholas/.pico-sdk/sdk/2.1.1/src/rp2_common/pico_standard_binary_info/standard_binary_info.c.obj
 *fill*         0x10006e1e        0x2 
 .rodata.__bi_84
                0x10006e20        0xc CMakeFiles/Teste.dir/C_/Users/Nicholas/.pico-sdk/sdk/2.1.1/src/rp2_common/pico_standard_binary_info/standard_binary_info.c.obj
 .rodata.__bi_78
                0x10006e2c        0xc CMakeFiles/Teste.dir/C_/Users/Nicholas/.pico-sdk/sdk/2.1.1/src/rp2_common/pico_standard_binary_info/standard_binary_info.c.obj
 .rodata.__bi_60
                0x10006e38        0xc CMakeFiles/Teste.dir/C_/Users/Nicholas/.pico-sdk/sdk/2.1.1/src/rp2_common/pico_standard_binary_info/standard_binary_info.c.obj
 .rodata.__bi_54
                0x10006e44        0xc CMakeFiles/Teste.dir/C_/Users/Nicholas/.pico-sdk/sdk/2.1.1/src/rp2_common/pico_standard_binary_info/standard_binary_info.c.obj
 .rodata.__bi_48
                0x10006e50        0xc CMakeFiles/Teste.dir/C_/Users/Nicholas/.pico-sdk/sdk/2.1.1/src/rp2_common/pico_standard_binary_info/standard_binary_info.c.obj
 .rodata.__bi_42
                0x10006e5c        0xc CMakeFiles/Teste.dir/C_/Users/Nicholas/.pico-sdk/sdk/2.1.1/src/rp2_common/pico_standard_binary_info/standard_binary_info.c.obj
 .rodata.__bi_34
                0x10006e68        0xc CMakeFiles/Teste.dir/C_/Users/Nicholas/.pico-sdk/sdk/2.1.1/src/rp2_common/pico_standard_binary_info/standard_binary_info.c.obj
 .rodata.__bi_26
                0x10006e74        0xc CMakeFiles/Teste.dir/C_/Users/Nicholas/.pico-sdk/sdk/2.1.1/src/rp2_common/pico_standard_binary_info/standard_binary_info.c.obj
 .rodata._ftoa.str1.4
                0x10006e80       0x15 CMakeFiles/Teste.dir/C_/Users/Nicholas/.pico-sdk/sdk/2.1.1/src/rp2_common/pico_printf/printf.c.obj
 .rodata.pow10.0
                0x10006e80       0x50 CMakeFiles/Teste.dir/C_/Users/Nicholas/.pico-sdk/sdk/2.1.1/src/rp2_common/pico_printf/printf.c.obj
 .rodata.crlf_str.0
                0x10006ed0        0x2 CMakeFiles/Teste.dir/C_/Users/Nicholas/.pico-sdk/sdk/2.1.1/src/rp2_common/pico_stdio/stdio.c.obj
 *fill*         0x10006ed2        0x2 
 .rodata._resetd_driver
                0x10006ed4       0x20 CMakeFiles/Teste.dir/C_/Users/Nicholas/.pico-sdk/sdk/2.1.1/src/rp2_common/pico_stdio_usb/reset_interface.c.obj
 .rodata.desc_ms_os_20
                0x10006ef4       0xa6 CMakeFiles/Teste.dir/C_/Users/Nicholas/.pico-sdk/sdk/2.1.1/src/rp2_common/pico_stdio_usb/reset_interface.c.obj
 *fill*         0x10006f9a        0x2 
 .rodata.desc_bos
                0x10006f9c       0x21 CMakeFiles/Teste.dir/C_/Users/Nicholas/.pico-sdk/sdk/2.1.1/src/rp2_common/pico_stdio_usb/reset_interface.c.obj
                0x10006f9c                desc_bos
 .rodata.str1.4
                0x10006fbd       0x13 CMakeFiles/Teste.dir/C_/Users/Nicholas/.pico-sdk/sdk/2.1.1/src/rp2_common/pico_stdio_usb/stdio_usb.c.obj
 *fill*         0x10006fbd        0x3 
 .rodata.__bi_197.0
                0x10006fc0        0xc CMakeFiles/Teste.dir/C_/Users/Nicholas/.pico-sdk/sdk/2.1.1/src/rp2_common/pico_stdio_usb/stdio_usb.c.obj
 .rodata.str1.4
                0x10006fcc       0x2a CMakeFiles/Teste.dir/C_/Users/Nicholas/.pico-sdk/sdk/2.1.1/src/rp2_common/pico_stdio_usb/stdio_usb_descriptors.c.obj
 .rodata.usbd_desc_str
                0x10006fcc       0x18 CMakeFiles/Teste.dir/C_/Users/Nicholas/.pico-sdk/sdk/2.1.1/src/rp2_common/pico_stdio_usb/stdio_usb_descriptors.c.obj
 .rodata.usbd_desc_cfg
                0x10006fe4       0x54 CMakeFiles/Teste.dir/C_/Users/Nicholas/.pico-sdk/sdk/2.1.1/src/rp2_common/pico_stdio_usb/stdio_usb_descriptors.c.obj
 .rodata.usbd_desc_device
                0x10007038       0x12 CMakeFiles/Teste.dir/C_/Users/Nicholas/.pico-sdk/sdk/2.1.1/src/rp2_common/pico_stdio_usb/stdio_usb_descriptors.c.obj
 .rodata.str1.4
                0x1000704a       0x14 CMakeFiles/Teste.dir/C_/Users/Nicholas/.pico-sdk/sdk/2.1.1/lib/tinyusb/src/portable/raspberrypi/rp2040/dcd_rp2040.c.obj
 .rodata.str1.4
                0x1000704a       0x48 CMakeFiles/Teste.dir/C_/Users/Nicholas/.pico-sdk/sdk/2.1.1/lib/tinyusb/src/portable/raspberrypi/rp2040/rp2040_usb.c.obj
 *fill*         0x1000704a        0x2 
 .rodata._usbd_driver
                0x1000704c       0x40 CMakeFiles/Teste.dir/C_/Users/Nicholas/.pico-sdk/sdk/2.1.1/lib/tinyusb/src/device/usbd.c.obj
 .rodata.dma_claim_unused_channel.str1.4
                0x1000708c       0x1e CMakeFiles/Teste.dir/C_/Users/Nicholas/.pico-sdk/sdk/2.1.1/src/rp2_common/hardware_dma/dma.c.obj
 *(.srodata*)
                0x100070ac                        . = ALIGN (0x4)
 *(SORT_BY_ALIGNMENT(SORT_BY_NAME(.flashdata*)))
                0x100070ac                        . = ALIGN (0x4)

.ARM.extab
 *(.ARM.extab* .gnu.linkonce.armextab.*)
                0x1000708c                        __exidx_start = .

.ARM.exidx      0x1000708c        0x8
 *(.ARM.exidx* .gnu.linkonce.armexidx.*)
 .ARM.exidx     0x1000708c        0x8 C:/Users/Nicholas/.pico-sdk/toolchain/14_2_Rel1/bin/../lib/gcc/arm-none-eabi/14.2.1/thumb/v8-m.main+fp/softfp\libg.a(libc_a-memcpy.o)
 .ARM.exidx.text.__udivmoddi4
                0x10007094        0x0 C:/Users/Nicholas/.pico-sdk/toolchain/14_2_Rel1/bin/../lib/gcc/arm-none-eabi/14.2.1/thumb/v8-m.main+fp/softfp\libgcc.a(_udivmoddi4.o)
                                  0x8 (size before relaxing)
                0x10007094                        __exidx_end = .
                0x10007094                        . = ALIGN (0x4)
                0x10007094                        __binary_info_start = .

.binary_info    0x10007094       0x24
 *(.binary_info.keep.*)
 .binary_info.keep.__bi_ptr84
                0x10007094        0x4 CMakeFiles/Teste.dir/C_/Users/Nicholas/.pico-sdk/sdk/2.1.1/src/rp2_common/pico_standard_binary_info/standard_binary_info.c.obj
 .binary_info.keep.__bi_ptr78
                0x10007098        0x4 CMakeFiles/Teste.dir/C_/Users/Nicholas/.pico-sdk/sdk/2.1.1/src/rp2_common/pico_standard_binary_info/standard_binary_info.c.obj
 .binary_info.keep.__bi_ptr60
                0x1000709c        0x4 CMakeFiles/Teste.dir/C_/Users/Nicholas/.pico-sdk/sdk/2.1.1/src/rp2_common/pico_standard_binary_info/standard_binary_info.c.obj
 .binary_info.keep.__bi_ptr54
                0x100070a0        0x4 CMakeFiles/Teste.dir/C_/Users/Nicholas/.pico-sdk/sdk/2.1.1/src/rp2_common/pico_standard_binary_info/standard_binary_info.c.obj
 .binary_info.keep.__bi_ptr48
                0x100070a4        0x4 CMakeFiles/Teste.dir/C_/Users/Nicholas/.pico-sdk/sdk/2.1.1/src/rp2_common/pico_standard_binary_info/standard_binary_info.c.obj
 .binary_info.keep.__bi_ptr42
                0x100070a8        0x4 CMakeFiles/Teste.dir/C_/Users/Nicholas/.pico-sdk/sdk/2.1.1/src/rp2_common/pico_standard_binary_info/standard_binary_info.c.obj
 .binary_info.keep.__bi_ptr34
                0x100070ac        0x4 CMakeFiles/Teste.dir/C_/Users/Nicholas/.pico-sdk/sdk/2.1.1/src/rp2_common/pico_standard_binary_info/standard_binary_info.c.obj
 .binary_info.keep.__bi_ptr26
                0x100070b0        0x4 CMakeFiles/Teste.dir/C_/Users/Nicholas/.pico-sdk/sdk/2.1.1/src/rp2_common/pico_standard_binary_info/standard_binary_info.c.obj
 *(.binary_info.*)
 .binary_info.__bi_ptr197
                0x100070b4        0x4 CMakeFiles/Teste.dir/C_/Users/Nicholas/.pico-sdk/sdk/2.1.1/src/rp2_common/pico_stdio_usb/stdio_usb.c.obj
                0x100070b8                        __binary_info_end = .
                0x100070b8                        . = ALIGN (0x4)

.ram_vector_table
                0x20000000      0x110
 *(.ram_vector_table)
 .ram_vector_table
                0x20000000      0x110 CMakeFiles/Teste.dir/C_/Users/Nicholas/.pico-sdk/sdk/2.1.1/src/rp2_common/pico_runtime_init/runtime_init.c.obj
                0x20000000                ram_vector_table

.uninitialized_data
                0x20000110        0x0
                0x20000110                        . = ALIGN (0x4)
 *(.uninitialized_data*)

.data           0x20000110     0x1670 load address 0x100070b8
                0x20000110                        __data_start__ = .
 *(vtable)
 *(.time_critical*)
 .time_critical.mutex_try_enter
                0x20000110       0x50 CMakeFiles/Teste.dir/C_/Users/Nicholas/.pico-sdk/sdk/2.1.1/src/common/pico_sync/mutex.c.obj
                0x20000110                mutex_try_enter
 .time_critical.mutex_enter_block_until
                0x20000160       0x6c CMakeFiles/Teste.dir/C_/Users/Nicholas/.pico-sdk/sdk/2.1.1/src/common/pico_sync/mutex.c.obj
                0x20000160                mutex_enter_block_until
 .time_critical.mutex_try_enter_block_until
                0x200001cc       0x68 CMakeFiles/Teste.dir/C_/Users/Nicholas/.pico-sdk/sdk/2.1.1/src/common/pico_sync/mutex.c.obj
                0x200001cc                mutex_try_enter_block_until
 .time_critical.mutex_enter_timeout_ms
                0x20000234       0x38 CMakeFiles/Teste.dir/C_/Users/Nicholas/.pico-sdk/sdk/2.1.1/src/common/pico_sync/mutex.c.obj
                0x20000234                mutex_enter_timeout_ms
 .time_critical.mutex_exit
                0x2000026c       0x3c CMakeFiles/Teste.dir/C_/Users/Nicholas/.pico-sdk/sdk/2.1.1/src/common/pico_sync/mutex.c.obj
                0x2000026c                mutex_exit
 .time_critical.reset_non_control_endpoints
                0x200002a8       0x64 CMakeFiles/Teste.dir/C_/Users/Nicholas/.pico-sdk/sdk/2.1.1/lib/tinyusb/src/portable/raspberrypi/rp2040/dcd_rp2040.c.obj
 .time_critical.hw_handle_buff_status
                0x2000030c       0x90 CMakeFiles/Teste.dir/C_/Users/Nicholas/.pico-sdk/sdk/2.1.1/lib/tinyusb/src/portable/raspberrypi/rp2040/dcd_rp2040.c.obj
 .time_critical.dcd_rp2040_irq
                0x2000039c      0x530 CMakeFiles/Teste.dir/C_/Users/Nicholas/.pico-sdk/sdk/2.1.1/lib/tinyusb/src/portable/raspberrypi/rp2040/dcd_rp2040.c.obj
 .time_critical.prepare_ep_buffer
                0x200008cc       0xc0 CMakeFiles/Teste.dir/C_/Users/Nicholas/.pico-sdk/sdk/2.1.1/lib/tinyusb/src/portable/raspberrypi/rp2040/rp2040_usb.c.obj
 .time_critical.sync_ep_buffer
                0x2000098c       0xb4 CMakeFiles/Teste.dir/C_/Users/Nicholas/.pico-sdk/sdk/2.1.1/lib/tinyusb/src/portable/raspberrypi/rp2040/rp2040_usb.c.obj
 .time_critical._hw_endpoint_xfer_sync
                0x20000a40       0x2c CMakeFiles/Teste.dir/C_/Users/Nicholas/.pico-sdk/sdk/2.1.1/lib/tinyusb/src/portable/raspberrypi/rp2040/rp2040_usb.c.obj
 .time_critical.e15_is_bulkin_ep
                0x20000a6c       0x28 CMakeFiles/Teste.dir/C_/Users/Nicholas/.pico-sdk/sdk/2.1.1/lib/tinyusb/src/portable/raspberrypi/rp2040/rp2040_usb.c.obj
 .time_critical.e15_is_critical_frame_period
                0x20000a94       0x28 CMakeFiles/Teste.dir/C_/Users/Nicholas/.pico-sdk/sdk/2.1.1/lib/tinyusb/src/portable/raspberrypi/rp2040/rp2040_usb.c.obj
 .time_critical.hw_endpoint_reset_transfer
                0x20000abc        0xc CMakeFiles/Teste.dir/C_/Users/Nicholas/.pico-sdk/sdk/2.1.1/lib/tinyusb/src/portable/raspberrypi/rp2040/rp2040_usb.c.obj
                0x20000abc                hw_endpoint_reset_transfer
 .time_critical._hw_endpoint_buffer_control_update32
                0x20000ac8       0x44 CMakeFiles/Teste.dir/C_/Users/Nicholas/.pico-sdk/sdk/2.1.1/lib/tinyusb/src/portable/raspberrypi/rp2040/rp2040_usb.c.obj
                0x20000ac8                _hw_endpoint_buffer_control_update32
 .time_critical.hw_endpoint_start_next_buffer
                0x20000b0c       0x64 CMakeFiles/Teste.dir/C_/Users/Nicholas/.pico-sdk/sdk/2.1.1/lib/tinyusb/src/portable/raspberrypi/rp2040/rp2040_usb.c.obj
                0x20000b0c                hw_endpoint_start_next_buffer
 .time_critical.hw_endpoint_xfer_continue
                0x20000b70       0x3c CMakeFiles/Teste.dir/C_/Users/Nicholas/.pico-sdk/sdk/2.1.1/lib/tinyusb/src/portable/raspberrypi/rp2040/rp2040_usb.c.obj
                0x20000b70                hw_endpoint_xfer_continue
 .time_critical.tinyusb
                0x20000bac      0x224 CMakeFiles/Teste.dir/C_/Users/Nicholas/.pico-sdk/sdk/2.1.1/lib/tinyusb/src/device/usbd.c.obj
                0x20000bac                dcd_event_handler
 *(.text*)
 .text          0x20000dd0       0x30 C:/Users/Nicholas/.pico-sdk/toolchain/14_2_Rel1/bin/../lib/gcc/arm-none-eabi/14.2.1/thumb/v8-m.main+fp/softfp\libgcc.a(_aeabi_uldivmod.o)
                0x20000dd0                __aeabi_uldivmod
 .text.__udivmoddi4
                0x20000e00      0x34c C:/Users/Nicholas/.pico-sdk/toolchain/14_2_Rel1/bin/../lib/gcc/arm-none-eabi/14.2.1/thumb/v8-m.main+fp/softfp\libgcc.a(_udivmoddi4.o)
                0x20000e00                __udivmoddi4
 .text          0x2000114c        0x4 C:/Users/Nicholas/.pico-sdk/toolchain/14_2_Rel1/bin/../lib/gcc/arm-none-eabi/14.2.1/thumb/v8-m.main+fp/softfp\libgcc.a(_dvmd_tls.o)
                0x2000114c                __aeabi_idiv0
                0x2000114c                __aeabi_ldiv0
 .text.__stub   0x20001150       0x30 linker stubs
                0x20001180                        . = ALIGN (0x4)
 *(.rodata*)
                0x20001180                        . = ALIGN (0x4)
 *(.data*)
 .data.striped_spin_lock_num
                0x20001180        0x1 CMakeFiles/Teste.dir/C_/Users/Nicholas/.pico-sdk/sdk/2.1.1/src/rp2_common/hardware_sync/sync.c.obj
 *fill*         0x20001181        0x3 
 .data          0x20001184       0x48 CMakeFiles/Teste.dir/C_/Users/Nicholas/.pico-sdk/sdk/2.1.1/src/rp2_common/hardware_irq/irq_handler_chain.S.obj
                0x20001184                irq_handler_chain_slots
                0x200011b4                irq_handler_chain_first_slot
                0x200011be                irq_handler_chain_remove_tail
 .data.default_alarm_pool
                0x200011cc       0x18 CMakeFiles/Teste.dir/C_/Users/Nicholas/.pico-sdk/sdk/2.1.1/src/common/pico_time/time.c.obj
 .data.stdio_usb
                0x200011e4       0x18 CMakeFiles/Teste.dir/C_/Users/Nicholas/.pico-sdk/sdk/2.1.1/src/rp2_common/pico_stdio_usb/stdio_usb.c.obj
                0x200011e4                stdio_usb
 .data._usbd_qdef
                0x200011fc       0x1c CMakeFiles/Teste.dir/C_/Users/Nicholas/.pico-sdk/sdk/2.1.1/lib/tinyusb/src/device/usbd.c.obj
                0x200011fc                _usbd_qdef
 .data._usbd_rhport
                0x20001218        0x1 CMakeFiles/Teste.dir/C_/Users/Nicholas/.pico-sdk/sdk/2.1.1/lib/tinyusb/src/device/usbd.c.obj
 *fill*         0x20001219        0x3 
 .data.__malloc_sbrk_base
                0x2000121c        0x4 C:/Users/Nicholas/.pico-sdk/toolchain/14_2_Rel1/bin/../lib/gcc/arm-none-eabi/14.2.1/thumb/v8-m.main+fp/softfp\libg.a(libc_a-mallocr.o)
                0x2000121c                __malloc_sbrk_base
 .data.__malloc_trim_threshold
                0x20001220        0x4 C:/Users/Nicholas/.pico-sdk/toolchain/14_2_Rel1/bin/../lib/gcc/arm-none-eabi/14.2.1/thumb/v8-m.main+fp/softfp\libg.a(libc_a-mallocr.o)
                0x20001220                __malloc_trim_threshold
 *fill*         0x20001224        0x4 
 .data.__malloc_av_
                0x20001228      0x408 C:/Users/Nicholas/.pico-sdk/toolchain/14_2_Rel1/bin/../lib/gcc/arm-none-eabi/14.2.1/thumb/v8-m.main+fp/softfp\libg.a(libc_a-mallocr.o)
                0x20001228                __malloc_av_
 .data._impure_ptr
                0x20001630        0x4 C:/Users/Nicholas/.pico-sdk/toolchain/14_2_Rel1/bin/../lib/gcc/arm-none-eabi/14.2.1/thumb/v8-m.main+fp/softfp\libg.a(libc_a-impure.o)
                0x20001630                _impure_ptr
 *fill*         0x20001634        0x4 
 .data._impure_data
                0x20001638      0x140 C:/Users/Nicholas/.pico-sdk/toolchain/14_2_Rel1/bin/../lib/gcc/arm-none-eabi/14.2.1/thumb/v8-m.main+fp/softfp\libg.a(libc_a-impure.o)
                0x20001638                _impure_data
 *(.sdata*)
                0x20001778                        . = ALIGN (0x4)
 *(.after_data.*)
                0x20001778                        . = ALIGN (0x4)
                0x20001778                        PROVIDE (__mutex_array_start = .)
 *(SORT_BY_NAME(.mutex_array.*))
 *(.mutex_array)
 .mutex_array   0x20001778        0x8 CMakeFiles/Teste.dir/C_/Users/Nicholas/.pico-sdk/sdk/2.1.1/src/rp2_common/pico_stdio/stdio.c.obj
                0x20001780                        PROVIDE (__mutex_array_end = .)
 *(.jcr)
                0x20001780                        . = ALIGN (0x4)

.tm_clone_table
                0x20001780        0x0 load address 0x10008728
 .tm_clone_table
                0x20001780        0x0 C:/Users/Nicholas/.pico-sdk/toolchain/14_2_Rel1/bin/../lib/gcc/arm-none-eabi/14.2.1/thumb/v8-m.main+fp/softfp/crtbegin.o
 .tm_clone_table
                0x20001780        0x0 C:/Users/Nicholas/.pico-sdk/toolchain/14_2_Rel1/bin/../lib/gcc/arm-none-eabi/14.2.1/thumb/v8-m.main+fp/softfp/crtend.o

.igot.plt       0x20001780        0x0 load address 0x10008728
 .igot.plt      0x20001780        0x0 C:/Users/Nicholas/.pico-sdk/toolchain/14_2_Rel1/bin/../lib/gcc/arm-none-eabi/14.2.1/thumb/v8-m.main+fp/softfp/crtbegin.o

.tdata          0x20001780        0x0 load address 0x10008728
                0x20001780                        . = ALIGN (0x4)
 *(.tdata .tdata.* .gnu.linkonce.td.*)
                0x20001780                        __tdata_end = .
                0x20001780                        PROVIDE (__data_end__ = .)
                0x100070b8                        __etext = LOADADDR (.data)

.tbss           0x20001780        0x0 load address 0x10008728
                0x20001780                        . = ALIGN (0x4)
                0x20001780                        __bss_start__ = .
                0x20001780                        __tls_base = .
 *(.tbss .tbss.* .gnu.linkonce.tb.*)
 *(.tcommon)
                0x20001780                        __tls_end = .

.bss            0x20001780      0xf0c load address 0x10008728
                0x20001780                        . = ALIGN (0x4)
                0x20001780                        __tbss_end = .
 *(SORT_BY_ALIGNMENT(SORT_BY_NAME(.bss*)))
 .bss.default_alarm_pool_entries
                0x20001780      0x180 CMakeFiles/Teste.dir/C_/Users/Nicholas/.pico-sdk/sdk/2.1.1/src/common/pico_time/time.c.obj
 .bss.last_avail_time.1
                0x20001900        0x8 CMakeFiles/Teste.dir/C_/Users/Nicholas/.pico-sdk/sdk/2.1.1/src/rp2_common/pico_stdio_usb/stdio_usb.c.obj
 .bss.__lock___malloc_recursive_mutex
                0x20001908        0x1 C:/Users/Nicholas/.pico-sdk/toolchain/14_2_Rel1/bin/../lib/gcc/arm-none-eabi/14.2.1/thumb/v8-m.main+fp/softfp\libg.a(libc_a-lock.o)
                0x20001908                __lock___malloc_recursive_mutex
 *fill*         0x20001909        0x3 
 .bss.__malloc_current_mallinfo
                0x2000190c       0x28 C:/Users/Nicholas/.pico-sdk/toolchain/14_2_Rel1/bin/../lib/gcc/arm-none-eabi/14.2.1/thumb/v8-m.main+fp/softfp\libg.a(libc_a-mallocr.o)
                0x2000190c                __malloc_current_mallinfo
 .bss.__malloc_max_sbrked_mem
                0x20001934        0x4 C:/Users/Nicholas/.pico-sdk/toolchain/14_2_Rel1/bin/../lib/gcc/arm-none-eabi/14.2.1/thumb/v8-m.main+fp/softfp\libg.a(libc_a-mallocr.o)
                0x20001934                __malloc_max_sbrked_mem
 .bss.__malloc_max_total_mem
                0x20001938        0x4 C:/Users/Nicholas/.pico-sdk/toolchain/14_2_Rel1/bin/../lib/gcc/arm-none-eabi/14.2.1/thumb/v8-m.main+fp/softfp\libg.a(libc_a-mallocr.o)
                0x20001938                __malloc_max_total_mem
 .bss.__malloc_top_pad
                0x2000193c        0x4 C:/Users/Nicholas/.pico-sdk/toolchain/14_2_Rel1/bin/../lib/gcc/arm-none-eabi/14.2.1/thumb/v8-m.main+fp/softfp\libg.a(libc_a-mallocr.o)
                0x2000193c                __malloc_top_pad
 .bss.__sf      0x20001940      0x138 C:/Users/Nicholas/.pico-sdk/toolchain/14_2_Rel1/bin/../lib/gcc/arm-none-eabi/14.2.1/thumb/v8-m.main+fp/softfp\libg.a(libc_a-findfp.o)
                0x20001940                __sf
 .bss._app_driver
                0x20001a78        0x4 CMakeFiles/Teste.dir/C_/Users/Nicholas/.pico-sdk/sdk/2.1.1/lib/tinyusb/src/device/usbd.c.obj
 .bss._cdcd_epbuf
                0x20001a7c       0x80 CMakeFiles/Teste.dir/C_/Users/Nicholas/.pico-sdk/sdk/2.1.1/lib/tinyusb/src/class/cdc/cdc_device.c.obj
 .bss._cdcd_fifo_cfg
                0x20001afc        0x1 CMakeFiles/Teste.dir/C_/Users/Nicholas/.pico-sdk/sdk/2.1.1/lib/tinyusb/src/class/cdc/cdc_device.c.obj
 *fill*         0x20001afd        0x3 
 .bss._cdcd_itf
                0x20001b00       0xc8 CMakeFiles/Teste.dir/C_/Users/Nicholas/.pico-sdk/sdk/2.1.1/lib/tinyusb/src/class/cdc/cdc_device.c.obj
 .bss._ctrl_epbuf
                0x20001bc8       0x40 CMakeFiles/Teste.dir/C_/Users/Nicholas/.pico-sdk/sdk/2.1.1/lib/tinyusb/src/device/usbd_control.c.obj
 .bss._ctrl_xfer
                0x20001c08       0x14 CMakeFiles/Teste.dir/C_/Users/Nicholas/.pico-sdk/sdk/2.1.1/lib/tinyusb/src/device/usbd_control.c.obj
 .bss._sw_spin_locks
                0x20001c1c       0x20 CMakeFiles/Teste.dir/C_/Users/Nicholas/.pico-sdk/sdk/2.1.1/src/rp2_common/hardware_sync_spin_lock/sync_spin_lock.c.obj
                0x20001c1c                _sw_spin_locks
 .bss._tusb_rhport_role
                0x20001c3c        0x2 CMakeFiles/Teste.dir/C_/Users/Nicholas/.pico-sdk/sdk/2.1.1/lib/tinyusb/src/tusb.c.obj
                0x20001c3c                _tusb_rhport_role
 *fill*         0x20001c3e        0x2 
 .bss._ubsd_mutexdef
                0x20001c40        0x8 CMakeFiles/Teste.dir/C_/Users/Nicholas/.pico-sdk/sdk/2.1.1/lib/tinyusb/src/device/usbd.c.obj
 .bss._usbd_dev
                0x20001c48       0x54 CMakeFiles/Teste.dir/C_/Users/Nicholas/.pico-sdk/sdk/2.1.1/lib/tinyusb/src/device/usbd.c.obj
 .bss._usbd_mutex
                0x20001c9c        0x4 CMakeFiles/Teste.dir/C_/Users/Nicholas/.pico-sdk/sdk/2.1.1/lib/tinyusb/src/device/usbd.c.obj
 .bss._usbd_q   0x20001ca0        0x4 CMakeFiles/Teste.dir/C_/Users/Nicholas/.pico-sdk/sdk/2.1.1/lib/tinyusb/src/device/usbd.c.obj
 .bss._usbd_qdef_buf
                0x20001ca4       0xc0 CMakeFiles/Teste.dir/C_/Users/Nicholas/.pico-sdk/sdk/2.1.1/lib/tinyusb/src/device/usbd.c.obj
                0x20001ca4                _usbd_qdef_buf
 .bss._vendord_epbuf
                0x20001d64       0x80 CMakeFiles/Teste.dir/C_/Users/Nicholas/.pico-sdk/sdk/2.1.1/lib/tinyusb/src/class/vendor/vendor_device.c.obj
 .bss._vendord_itf
                0x20001de4      0x24c CMakeFiles/Teste.dir/C_/Users/Nicholas/.pico-sdk/sdk/2.1.1/lib/tinyusb/src/class/vendor/vendor_device.c.obj
 .bss.alarm_ids
                0x20002030       0x70 CMakeFiles/Teste.dir/button.c.obj
                0x20002030                alarm_ids
 .bss.callbacks
                0x200020a0        0x8 CMakeFiles/Teste.dir/C_/Users/Nicholas/.pico-sdk/sdk/2.1.1/src/rp2_common/hardware_gpio/gpio.c.obj
 .bss.chars_available_callback
                0x200020a8        0x4 CMakeFiles/Teste.dir/C_/Users/Nicholas/.pico-sdk/sdk/2.1.1/src/rp2_common/pico_stdio_usb/stdio_usb.c.obj
 .bss.chars_available_param
                0x200020ac        0x4 CMakeFiles/Teste.dir/C_/Users/Nicholas/.pico-sdk/sdk/2.1.1/src/rp2_common/pico_stdio_usb/stdio_usb.c.obj
 .bss.claimed   0x200020b0        0x4 CMakeFiles/Teste.dir/C_/Users/Nicholas/.pico-sdk/sdk/2.1.1/src/rp2_common/hardware_sync/sync.c.obj
 .bss.claimed   0x200020b4        0x2 CMakeFiles/Teste.dir/C_/Users/Nicholas/.pico-sdk/sdk/2.1.1/src/rp2_common/hardware_timer/timer.c.obj
 *fill*         0x200020b6        0x2 
 .bss.configured_freq
                0x200020b8       0x28 CMakeFiles/Teste.dir/C_/Users/Nicholas/.pico-sdk/sdk/2.1.1/src/rp2_common/hardware_clocks/clocks.c.obj
 .bss.desc_str.0
                0x200020e0       0x28 CMakeFiles/Teste.dir/C_/Users/Nicholas/.pico-sdk/sdk/2.1.1/src/rp2_common/pico_stdio_usb/stdio_usb_descriptors.c.obj
 .bss.dma_cfg   0x20002108        0x4 CMakeFiles/Teste.dir/microphone_dma.c.obj
 .bss.dma_channel
                0x2000210c        0x4 CMakeFiles/Teste.dir/microphone_dma.c.obj
 .bss.drivers   0x20002110        0x4 CMakeFiles/Teste.dir/C_/Users/Nicholas/.pico-sdk/sdk/2.1.1/src/rp2_common/pico_stdio/stdio.c.obj
 .bss.e15_last_sof
                0x20002114        0x4 CMakeFiles/Teste.dir/C_/Users/Nicholas/.pico-sdk/sdk/2.1.1/lib/tinyusb/src/portable/raspberrypi/rp2040/rp2040_usb.c.obj
                0x20002114                e15_last_sof
 .bss.errno     0x20002118        0x4 C:/Users/Nicholas/.pico-sdk/toolchain/14_2_Rel1/bin/../lib/gcc/arm-none-eabi/14.2.1/thumb/v8-m.main+fp/softfp\libg.a(libc_a-reent.o)
                0x20002118                errno
 .bss.filter    0x2000211c        0x4 CMakeFiles/Teste.dir/C_/Users/Nicholas/.pico-sdk/sdk/2.1.1/src/rp2_common/pico_stdio/stdio.c.obj
 .bss.handlers  0x20002120       0xe0 CMakeFiles/Teste.dir/button.c.obj
                0x20002120                handlers
 .bss.heap_end.0
                0x20002200        0x4 CMakeFiles/Teste.dir/C_/Users/Nicholas/.pico-sdk/sdk/2.1.1/src/rp2_common/pico_clib_interface/newlib_interface.c.obj
 .bss.hw_endpoints
                0x20002204      0x400 CMakeFiles/Teste.dir/C_/Users/Nicholas/.pico-sdk/sdk/2.1.1/lib/tinyusb/src/portable/raspberrypi/rp2040/dcd_rp2040.c.obj
 .bss.lazy_vsnprintf
                0x20002604        0x4 CMakeFiles/Teste.dir/C_/Users/Nicholas/.pico-sdk/sdk/2.1.1/src/rp2_common/pico_printf/printf.c.obj
 .bss.load_value
                0x20002608        0x4 CMakeFiles/Teste.dir/C_/Users/Nicholas/.pico-sdk/sdk/2.1.1/src/rp2_common/hardware_watchdog/watchdog.c.obj
 .bss.next_buffer_ptr
                0x2000260c        0x4 CMakeFiles/Teste.dir/C_/Users/Nicholas/.pico-sdk/sdk/2.1.1/lib/tinyusb/src/portable/raspberrypi/rp2040/dcd_rp2040.c.obj
 .bss.object.0  0x20002610       0x18 C:/Users/Nicholas/.pico-sdk/toolchain/14_2_Rel1/bin/../lib/gcc/arm-none-eabi/14.2.1/thumb/v8-m.main+fp/softfp/crtbegin.o
 .bss.one_shot_timer_crit_sec
                0x20002628        0x8 CMakeFiles/Teste.dir/C_/Users/Nicholas/.pico-sdk/sdk/2.1.1/src/rp2_common/pico_stdio_usb/stdio_usb.c.obj
 .bss.pools     0x20002630       0x20 CMakeFiles/Teste.dir/C_/Users/Nicholas/.pico-sdk/sdk/2.1.1/src/common/pico_time/time.c.obj
 .bss.raw_irq_mask
                0x20002650        0x8 CMakeFiles/Teste.dir/C_/Users/Nicholas/.pico-sdk/sdk/2.1.1/src/rp2_common/hardware_gpio/gpio.c.obj
 .bss.retrieved_id
                0x20002658        0x8 CMakeFiles/Teste.dir/C_/Users/Nicholas/.pico-sdk/sdk/2.1.1/src/rp2_common/pico_unique_id/unique_id.c.obj
 .bss.sleep_notifier
                0x20002660        0x4 CMakeFiles/Teste.dir/C_/Users/Nicholas/.pico-sdk/sdk/2.1.1/src/common/pico_time/time.c.obj
 .bss.stdio_usb_mutex
                0x20002664        0x8 CMakeFiles/Teste.dir/C_/Users/Nicholas/.pico-sdk/sdk/2.1.1/src/rp2_common/pico_stdio_usb/stdio_usb.c.obj
 .bss.usbd_serial_str
                0x2000266c       0x11 CMakeFiles/Teste.dir/C_/Users/Nicholas/.pico-sdk/sdk/2.1.1/src/rp2_common/pico_stdio_usb/stdio_usb_descriptors.c.obj
 *fill*         0x2000267d        0x1 
 .bss._claimed  0x2000267e        0x2 CMakeFiles/Teste.dir/C_/Users/Nicholas/.pico-sdk/sdk/2.1.1/src/rp2_common/hardware_dma/dma.c.obj
 .bss._app_driver_count
                0x20002680        0x1 CMakeFiles/Teste.dir/C_/Users/Nicholas/.pico-sdk/sdk/2.1.1/lib/tinyusb/src/device/usbd.c.obj
 .bss._sof_enable
                0x20002681        0x1 CMakeFiles/Teste.dir/C_/Users/Nicholas/.pico-sdk/sdk/2.1.1/lib/tinyusb/src/portable/raspberrypi/rp2040/dcd_rp2040.c.obj
 .bss._usbd_queued_setup
                0x20002682        0x1 CMakeFiles/Teste.dir/C_/Users/Nicholas/.pico-sdk/sdk/2.1.1/lib/tinyusb/src/device/usbd.c.obj
 .bss.irq_handler_chain_free_slot_head
                0x20002683        0x1 CMakeFiles/Teste.dir/C_/Users/Nicholas/.pico-sdk/sdk/2.1.1/src/rp2_common/hardware_irq/irq.c.obj
 .bss.itf_num   0x20002684        0x1 CMakeFiles/Teste.dir/C_/Users/Nicholas/.pico-sdk/sdk/2.1.1/src/rp2_common/pico_stdio_usb/reset_interface.c.obj
 .bss.led_state
                0x20002685        0x1 CMakeFiles/Teste.dir/Teste.c.obj
                0x20002685                led_state
 .bss.low_priority_irq_num
                0x20002686        0x1 CMakeFiles/Teste.dir/C_/Users/Nicholas/.pico-sdk/sdk/2.1.1/src/rp2_common/pico_stdio_usb/stdio_usb.c.obj
 .bss.one_shot_timer_pending
                0x20002687        0x1 CMakeFiles/Teste.dir/C_/Users/Nicholas/.pico-sdk/sdk/2.1.1/src/rp2_common/pico_stdio_usb/stdio_usb.c.obj
 .bss.user_irq_claimed
                0x20002688        0x1 CMakeFiles/Teste.dir/C_/Users/Nicholas/.pico-sdk/sdk/2.1.1/src/rp2_common/hardware_irq/irq.c.obj
 *(COMMON)
                [!provide]                        PROVIDE (__global_pointer$ = (. + 0x800))
 *(.sbss*)
                0x2000268c                        . = ALIGN (0x4)
 *fill*         0x20002689        0x3 
                0x2000268c                        __bss_end__ = .

.heap           0x2000268c      0x800 load address 0x10008728
                0x2000268c                        __end__ = .
                0x2000268c                        end = __end__
 *(.heap*)
 .heap          0x2000268c      0x800 CMakeFiles/Teste.dir/C_/Users/Nicholas/.pico-sdk/sdk/2.1.1/src/rp2_common/pico_crt0/crt0.S.obj
                0x20080000                        __HeapLimit = (ORIGIN (RAM) + LENGTH (RAM))

.scratch_x      0x20080000        0x0 load address 0x10008728
                0x20080000                        __scratch_x_start__ = .
 *(.scratch_x.*)
                0x20080000                        . = ALIGN (0x4)
                0x20080000                        __scratch_x_end__ = .
                0x10008728                        __scratch_x_source__ = LOADADDR (.scratch_x)

.scratch_y      0x20081000        0x0 load address 0x10008728
                0x20081000                        __scratch_y_start__ = .
 *(.scratch_y.*)
                0x20081000                        . = ALIGN (0x4)
                0x20081000                        __scratch_y_end__ = .
                0x10008728                        __scratch_y_source__ = LOADADDR (.scratch_y)

.stack1_dummy
 *(.stack1*)

.stack_dummy    0x20081000      0x800
 *(.stack*)
 .stack         0x20081000      0x800 CMakeFiles/Teste.dir/C_/Users/Nicholas/.pico-sdk/sdk/2.1.1/src/rp2_common/pico_crt0/crt0.S.obj

.flash_end      0x10008728       0x14
 *(.embedded_end_block*)
 .embedded_end_block
                0x10008728       0x14 CMakeFiles/Teste.dir/C_/Users/Nicholas/.pico-sdk/sdk/2.1.1/src/rp2_common/pico_crt0/crt0.S.obj